Component: ARM Compiler 5.06 update 5 (build 528) Tool: armlink [4d35e2]

==============================================================================

Section Cross References

    gd32f4xx_it.o(i.SysTick_Handler) refers to systick.o(i.delay_decrement) for delay_decrement
    main.o(i.main) refers to function.o(i.System_Init) for System_Init
    main.o(i.main) refers to function.o(i.UsrFunction) for UsrFunction
    systick.o(i.delay_1ms) refers to systick.o(.data) for delay
    systick.o(i.delay_decrement) refers to systick.o(.data) for delay
    systick.o(i.systick_config) refers to systick.o(i.NVIC_SetPriority) for NVIC_SetPriority
    systick.o(i.systick_config) refers to system_gd32f4xx.o(.data) for SystemCoreClock
    led.o(i.Led_Flash) refers to gd32f4xx_gpio.o(i.gpio_bit_set) for gpio_bit_set
    led.o(i.Led_Flash) refers to systick.o(i.delay_1ms) for delay_1ms
    led.o(i.Led_Flash) refers to gd32f4xx_gpio.o(i.gpio_bit_reset) for gpio_bit_reset
    led.o(i.Led_Init) refers to gd32f4xx_rcu.o(i.rcu_periph_clock_enable) for rcu_periph_clock_enable
    led.o(i.Led_Init) refers to gd32f4xx_gpio.o(i.gpio_mode_set) for gpio_mode_set
    led.o(i.Led_Init) refers to gd32f4xx_gpio.o(i.gpio_output_options_set) for gpio_output_options_set
    led.o(i.Led_OFF) refers to gd32f4xx_gpio.o(i.gpio_bit_reset) for gpio_bit_reset
    exti.o(i.EXTI4_IRQHandler) refers to gd32f4xx_exti.o(i.exti_interrupt_flag_get) for exti_interrupt_flag_get
    exti.o(i.EXTI4_IRQHandler) refers to gd32f4xx_gpio.o(i.gpio_bit_toggle) for gpio_bit_toggle
    exti.o(i.EXTI4_IRQHandler) refers to gd32f4xx_exti.o(i.exti_interrupt_flag_clear) for exti_interrupt_flag_clear
    exti.o(i.EXTI_Pin_Init) refers to gd32f4xx_rcu.o(i.rcu_periph_clock_enable) for rcu_periph_clock_enable
    exti.o(i.EXTI_Pin_Init) refers to gd32f4xx_syscfg.o(i.syscfg_exti_line_config) for syscfg_exti_line_config
    exti.o(i.EXTI_Pin_Init) refers to gd32f4xx_exti.o(i.exti_init) for exti_init
    exti.o(i.EXTI_Pin_Init) refers to gd32f4xx_misc.o(i.nvic_irq_enable) for nvic_irq_enable
    exti.o(i.EXTI_Pin_Init) refers to gd32f4xx_exti.o(i.exti_interrupt_flag_clear) for exti_interrupt_flag_clear
    exti.o(i.Test) refers to led.o(i.Led_Flash) for Led_Flash
    serial.o(i.Serial_GetRxFlag) refers to serial.o(.data) for Serial_RxFlag
    serial.o(i.Serial_Init) refers to gd32f4xx_rcu.o(i.rcu_periph_clock_enable) for rcu_periph_clock_enable
    serial.o(i.Serial_Init) refers to gd32f4xx_gpio.o(i.gpio_af_set) for gpio_af_set
    serial.o(i.Serial_Init) refers to gd32f4xx_gpio.o(i.gpio_mode_set) for gpio_mode_set
    serial.o(i.Serial_Init) refers to gd32f4xx_gpio.o(i.gpio_output_options_set) for gpio_output_options_set
    serial.o(i.Serial_Init) refers to gd32f4xx_usart.o(i.usart_deinit) for usart_deinit
    serial.o(i.Serial_Init) refers to gd32f4xx_usart.o(i.usart_baudrate_set) for usart_baudrate_set
    serial.o(i.Serial_Init) refers to gd32f4xx_usart.o(i.usart_parity_config) for usart_parity_config
    serial.o(i.Serial_Init) refers to gd32f4xx_usart.o(i.usart_word_length_set) for usart_word_length_set
    serial.o(i.Serial_Init) refers to gd32f4xx_usart.o(i.usart_stop_bit_set) for usart_stop_bit_set
    serial.o(i.Serial_Init) refers to gd32f4xx_usart.o(i.usart_receive_config) for usart_receive_config
    serial.o(i.Serial_Init) refers to gd32f4xx_usart.o(i.usart_transmit_config) for usart_transmit_config
    serial.o(i.Serial_Init) refers to gd32f4xx_usart.o(i.usart_hardware_flow_rts_config) for usart_hardware_flow_rts_config
    serial.o(i.Serial_Init) refers to gd32f4xx_usart.o(i.usart_hardware_flow_cts_config) for usart_hardware_flow_cts_config
    serial.o(i.Serial_Init) refers to gd32f4xx_misc.o(i.nvic_irq_enable) for nvic_irq_enable
    serial.o(i.Serial_Init) refers to gd32f4xx_usart.o(i.usart_interrupt_enable) for usart_interrupt_enable
    serial.o(i.Serial_Init) refers to gd32f4xx_usart.o(i.usart_enable) for usart_enable
    serial.o(i.Serial_SendArray) refers to gd32f4xx_usart.o(i.usart_data_transmit) for usart_data_transmit
    serial.o(i.Serial_SendData) refers to gd32f4xx_usart.o(i.usart_data_transmit) for usart_data_transmit
    serial.o(i.Serial_SendData) refers to gd32f4xx_usart.o(i.usart_flag_get) for usart_flag_get
    serial.o(i.Serial_SendPacket) refers to gd32f4xx_usart.o(i.usart_data_transmit) for usart_data_transmit
    serial.o(i.Serial_SendPacket) refers to serial.o(i.Serial_SendArray) for Serial_SendArray
    serial.o(i.Serial_SendPacket) refers to serial.o(.data) for Serial_TxPacket
    serial.o(i.USART0_IRQHandler) refers to gd32f4xx_usart.o(i.usart_interrupt_flag_get) for usart_interrupt_flag_get
    serial.o(i.USART0_IRQHandler) refers to gd32f4xx_usart.o(i.usart_data_receive) for usart_data_receive
    serial.o(i.USART0_IRQHandler) refers to gd32f4xx_usart.o(i.usart_interrupt_flag_clear) for usart_interrupt_flag_clear
    serial.o(i.USART0_IRQHandler) refers to serial.o(.data) for data_recv
[...]
    ..\Library\GD32F4xx_standard_peripheral\Source\gd32f4xx_enet.c 0x00000000   Number         0  gd32f4xx_enet.o ABSOLUTE
    ..\Library\GD32F4xx_standard_peripheral\Source\gd32f4xx_exmc.c 0x00000000   Number         0  gd32f4xx_exmc.o ABSOLUTE
    ..\Library\GD32F4xx_standard_peripheral\Source\gd32f4xx_exti.c 0x00000000   Number         0  gd32f4xx_exti.o ABSOLUTE
    ..\Library\GD32F4xx_standard_peripheral\Source\gd32f4xx_fmc.c 0x00000000   Number         0  gd32f4xx_fmc.o ABSOLUTE
    ..\Library\GD32F4xx_standard_peripheral\Source\gd32f4xx_fwdgt.c 0x00000000   Number         0  gd32f4xx_fwdgt.o ABSOLUTE
    ..\Library\GD32F4xx_standard_peripheral\Source\gd32f4xx_gpio.c 0x00000000   Number         0  gd32f4xx_gpio.o ABSOLUTE
    ..\Library\GD32F4xx_standard_peripheral\Source\gd32f4xx_i2c.c 0x00000000   Number         0  gd32f4xx_i2c.o ABSOLUTE
    ..\Library\GD32F4xx_standard_peripheral\Source\gd32f4xx_ipa.c 0x00000000   Number         0  gd32f4xx_ipa.o ABSOLUTE
    ..\Library\GD32F4xx_standard_peripheral\Source\gd32f4xx_iref.c 0x00000000   Number         0  gd32f4xx_iref.o ABSOLUTE
    ..\Library\GD32F4xx_standard_peripheral\Source\gd32f4xx_misc.c 0x00000000   Number         0  gd32f4xx_misc.o ABSOLUTE
    ..\Library\GD32F4xx_standard_peripheral\Source\gd32f4xx_pmu.c 0x00000000   Number         0  gd32f4xx_pmu.o ABSOLUTE
    ..\Library\GD32F4xx_standard_peripheral\Source\gd32f4xx_rcu.c 0x00000000   Number         0  gd32f4xx_rcu.o ABSOLUTE
    ..\Library\GD32F4xx_standard_peripheral\Source\gd32f4xx_rtc.c 0x00000000   Number         0  gd32f4xx_rtc.o ABSOLUTE
    ..\Library\GD32F4xx_standard_peripheral\Source\gd32f4xx_sdio.c 0x00000000   Number         0  gd32f4xx_sdio.o ABSOLUTE
    ..\Library\GD32F4xx_standard_peripheral\Source\gd32f4xx_spi.c 0x00000000   Number         0  gd32f4xx_spi.o ABSOLUTE
    ..\Library\GD32F4xx_standard_peripheral\Source\gd32f4xx_syscfg.c 0x00000000   Number         0  gd32f4xx_syscfg.o ABSOLUTE
    ..\Library\GD32F4xx_standard_peripheral\Source\gd32f4xx_timer.c 0x00000000   Number         0  gd32f4xx_timer.o ABSOLUTE
    ..\Library\GD32F4xx_standard_peripheral\Source\gd32f4xx_tli.c 0x00000000   Number         0  gd32f4xx_tli.o ABSOLUTE
    ..\Library\GD32F4xx_standard_peripheral\Source\gd32f4xx_trng.c 0x00000000   Number         0  gd32f4xx_trng.o ABSOLUTE
    ..\Library\GD32F4xx_standard_peripheral\Source\gd32f4xx_usart.c 0x00000000   Number         0  gd32f4xx_usart.o ABSOLUTE
    ..\Library\GD32F4xx_standard_peripheral\Source\gd32f4xx_wwdgt.c 0x00000000   Number         0  gd32f4xx_wwdgt.o ABSOLUTE
    ..\User\gd32f4xx_it.c                    0x00000000   Number         0  gd32f4xx_it.o ABSOLUTE
    ..\User\main.c                           0x00000000   Number         0  main.o ABSOLUTE
    ..\User\systick.c                        0x00000000   Number         0  systick.o ABSOLUTE
    ..\\CMSIS\\GD\\GD32F4xx\\Source\\system_gd32f4xx.c 0x00000000   Number         0  system_gd32f4xx.o ABSOLUTE
    ..\\Function\\Function.c                 0x00000000   Number         0  function.o ABSOLUTE
    ..\\HardWare\\ADC.c                      0x00000000   Number         0  adc.o ABSOLUTE
    ..\\HardWare\\Button.c                   0x00000000   Number         0  button.o ABSOLUTE
    ..\\HardWare\\Button1.c                  0x00000000   Number         0  button1.o ABSOLUTE
    ..\\HardWare\\EXTI.c                     0x00000000   Number         0  exti.o ABSOLUTE
    ..\\HardWare\\LED.c                      0x00000000   Number         0  led.o ABSOLUTE
    ..\\HardWare\\OLED.c                     0x00000000   Number         0  oled.o ABSOLUTE
    ..\\HardWare\\RTC.c                      0x00000000   Number         0  rtc.o ABSOLUTE
    ..\\HardWare\\Serial.c                   0x00000000   Number         0  serial.o ABSOLUTE
    ..\\HardWare\\Timer.c                    0x00000000   Number         0  timer.o ABSOLUTE
    ..\\Library\\GD32F4xx_standard_peripheral\\Source\\gd32f4xx_adc.c 0x00000000   Number         0  gd32f4xx_adc.o ABSOLUTE
    ..\\Library\\GD32F4xx_standard_peripheral\\Source\\gd32f4xx_can.c 0x00000000   Number         0  gd32f4xx_can.o ABSOLUTE
    ..\\Library\\GD32F4xx_standard_peripheral\\Source\\gd32f4xx_crc.c 0x00000000   Number         0  gd32f4xx_crc.o ABSOLUTE
    ..\\Library\\GD32F4xx_standard_peripheral\\Source\\gd32f4xx_ctc.c 0x00000000   Number         0  gd32f4xx_ctc.o ABSOLUTE
    ..\\Library\\GD32F4xx_standard_peripheral\\Source\\gd32f4xx_dac.c 0x00000000   Number         0  gd32f4xx_dac.o ABSOLUTE
    ..\\Library\\GD32F4xx_standard_peripheral\\Source\\gd32f4xx_dbg.c 0x00000000   Number         0  gd32f4xx_dbg.o ABSOLUTE
    ..\\Library\\GD32F4xx_standard_peripheral\\Source\\gd32f4xx_dci.c 0x00000000   Number         0  gd32f4xx_dci.o ABSOLUTE
    ..\\Library\\GD32F4xx_standard_peripheral\\Source\\gd32f4xx_dma.c 0x00000000   Number         0  gd32f4xx_dma.o ABSOLUTE
    ..\\Library\\GD32F4xx_standard_peripheral\\Source\\gd32f4xx_enet.c 0x00000000   Number         0  gd32f4xx_enet.o ABSOLUTE
    ..\\Library\\GD32F4xx_standard_peripheral\\Source\\gd32f4xx_exmc.c 0x00000000   Number         0  gd32f4xx_exmc.o ABSOLUTE
    ..\\Library\\GD32F4xx_standard_peripheral\\Source\\gd32f4xx_exti.c 0x00000000   Number         0  gd32f4xx_exti.o ABSOLUTE
    ..\\Library\\GD32F4xx_standard_peripheral\\Source\\gd32f4xx_fmc.c 0x00000000   Number         0  gd32f4xx_fmc.o ABSOLUTE
    ..\\Library\\GD32F4xx_standard_peripheral\\Source\\gd32f4xx_fwdgt.c 0x00000000   Number         0  gd32f4xx_fwdgt.o ABSOLUTE
    ..\\Library\\GD32F4xx_standard_peripheral\\Source\\gd32f4xx_gpio.c 0x00000000   Number         0  gd32f4xx_gpio.o ABSOLUTE
    ..\\Library\\GD32F4xx_standard_peripheral\\Source\\gd32f4xx_i2c.c 0x00000000   Number         0  gd32f4xx_i2c.o ABSOLUTE
    ..\\Library\\GD32F4xx_standard_peripheral\\Source\\gd32f4xx_ipa.c 0x00000000   Number         0  gd32f4xx_ipa.o ABSOLUTE
    ..\\Library\\GD32F4xx_standard_peripheral\\Source\\gd32f4xx_iref.c 0x00000000   Number         0  gd32f4xx_iref.o ABSOLUTE
    ..\\Library\\GD32F4xx_standard_peripheral\\Source\\gd32f4xx_misc.c 0x00000000   Number         0  gd32f4xx_misc.o ABSOLUTE
    ..\\Library\\GD32F4xx_standard_peripheral\\Source\\gd32f4xx_pmu.c 0x00000000   Number         0  gd32f4xx_pmu.o ABSOLUTE
    ..\\Library\\GD32F4xx_standard_peripheral\\Source\\gd32f4xx_rcu.c 0x00000000   Number         0  gd32f4xx_rcu.o ABSOLUTE
    ..\\Library\\GD32F4xx_standard_peripheral\\Source\\gd32f4xx_rtc.c 0x00000000   Number         0  gd32f4xx_rtc.o ABSOLUTE
    ..\\Library\\GD32F4xx_standard_peripheral\\Source\\gd32f4xx_sdio.c 0x00000000   Number         0  gd32f4xx_sdio.o ABSOLUTE
    ..\\Library\\GD32F4xx_standard_peripheral\\Source\\gd32f4xx_spi.c 0x00000000   Number         0  gd32f4xx_spi.o ABSOLUTE
    ..\\Library\\GD32F4xx_standard_peripheral\\Source\\gd32f4xx_syscfg.c 0x00000000   Number         0  gd32f4xx_syscfg.o ABSOLUTE
    ..\\Library\\GD32F4xx_standard_peripheral\\Source\\gd32f4xx_timer.c 0x00000000   Number         0  gd32f4xx_timer.o ABSOLUTE
    ..\\Library\\GD32F4xx_standard_peripheral\\Source\\gd32f4xx_tli.c 0x00000000   Number         0  gd32f4xx_tli.o ABSOLUTE
    ..\\Library\\GD32F4xx_standard_peripheral\\Source\\gd32f4xx_trng.c 0x00000000   Number         0  gd32f4xx_trng.o ABSOLUTE
    ..\\Library\\GD32F4xx_standard_peripheral\\Source\\gd32f4xx_usart.c 0x00000000   Number         0  gd32f4xx_usart.o ABSOLUTE
    ..\\Library\\GD32F4xx_standard_peripheral\\Source\\gd32f4xx_wwdgt.c 0x00000000   Number         0  gd32f4xx_wwdgt.o ABSOLUTE
    ..\\User\\gd32f4xx_it.c                  0x00000000   Number         0  gd32f4xx_it.o ABSOLUTE
    ..\\User\\main.c                         0x00000000   Number         0  main.o ABSOLUTE
    ..\\User\\systick.c                      0x00000000   Number         0  systick.o ABSOLUTE
    cdrcmple.s                               0x00000000   Number         0  cdrcmple.o ABSOLUTE
    dc.s                                     0x00000000   Number         0  dc.o ABSOLUTE
    handlers.s                               0x00000000   Number         0  handlers.o ABSOLUTE
    init.s                                   0x00000000   Number         0  init.o ABSOLUTE
    RESET                                    0x08000000   Section      428  startup_gd32f450_470.o(RESET)
    .ARM.Collect$$$$00000000                 0x080001ac   Section        0  entry.o(.ARM.Collect$$$$00000000)
    .ARM.Collect$$$$00000001                 0x080001ac   Section        4  entry2.o(.ARM.Collect$$$$00000001)
    .ARM.Collect$$$$00000004                 0x080001b0   Section        4  entry5.o(.ARM.Collect$$$$00000004)
    .ARM.Collect$$$$00000008                 0x080001b4   Section        0  entry7b.o(.ARM.Collect$$$$00000008)
    .ARM.Collect$$$$0000000A                 0x080001b4   Section        0  entry8b.o(.ARM.Collect$$$$0000000A)
    .ARM.Collect$$$$0000000B                 0x080001b4   Section        8  entry9a.o(.ARM.Collect$$$$0000000B)
    .ARM.Collect$$$$0000000D                 0x080001bc   Section        0  entry10a.o(.ARM.Collect$$$$0000000D)
    .ARM.Collect$$$$0000000F                 0x080001bc   Section        0  entry11a.o(.ARM.Collect$$$$0000000F)
    .ARM.Collect$$$$00002712                 0x080001bc   Section        4  entry2.o(.ARM.Collect$$$$00002712)
    __lit__00000000                          0x080001bc   Data           4  entry2.o(.ARM.Collect$$$$00002712)
    .text                                    0x080001c0   Section       36  startup_gd32f450_470.o(.text)
    $v0                                      0x080001c0   Number         0  startup_gd32f450_470.o(.text)
    .text                                    0x080001e4   Section        0  memseta.o(.text)
    .text                                    0x08000208   Section        0  uidiv.o(.text)
    .text                                    0x08000234   Section        0  uldiv.o(.text)
    .text                                    0x08000296   Section        0  dadd.o(.text)
    .text                                    0x08000296   Section        0  iusefp.o(.text)
    .text                                    0x080003e4   Section        0  dmul.o(.text)
    .text                                    0x080004c8   Section        0  ddiv.o(.text)
    .text                                    0x080005a6   Section        0  dfixul.o(.text)
    .text                                    0x080005d8   Section       48  cdrcmple.o(.text)
    .text                                    0x08000608   Section       36  init.o(.text)
    .text                                    0x0800062c   Section        0  llshl.o(.text)
    .text                                    0x0800064a   Section        0  llushr.o(.text)
    .text                                    0x0800066a   Section        0  llsshr.o(.text)
    .text                                    0x0800068e   Section        0  depilogue.o(.text)
    i.ADC_Init                               0x08000748   Section        0  adc.o(i.ADC_Init)
    i.ADC_Port_Init                          0x080007a4   Section        0  adc.o(i.ADC_Port_Init)
    i.BTN1_LONG_PRESS_HOLD_Handler           0x080007e0   Section        0  function.o(i.BTN1_LONG_PRESS_HOLD_Handler)
    i.BTN1_SINGLEClick_Handler               0x080007ec   Section        0  function.o(i.BTN1_SINGLEClick_Handler)
    i.BTN2_SINGLEClick_Handler               0x080007f8   Section        0  function.o(i.BTN2_SINGLEClick_Handler)
    i.BTN3_SINGLEClick_Handler               0x08000804   Section        0  function.o(i.BTN3_SINGLEClick_Handler)
    i.BTN4_SINGLEClick_Handler               0x08000810   Section        0  function.o(i.BTN4_SINGLEClick_Handler)
    i.BTN5_SINGLEClick_Handler               0x0800081c   Section        0  function.o(i.BTN5_SINGLEClick_Handler)
    i.BTN6_SINGLEClick_Handler               0x08000828   Section        0  function.o(i.BTN6_SINGLEClick_Handler)
    i.BusFault_Handler                       0x08000834   Section        0  gd32f4xx_it.o(i.BusFault_Handler)
    i.CLAMP                                  0x08000838   Section        0  rtc.o(i.CLAMP)
    i.CYCLIC                                 0x0800084e   Section        0  rtc.o(i.CYCLIC)
    i.DMA_ADC_config_Init                    0x08000864   Section        0  adc.o(i.DMA_ADC_config_Init)
    i.DebugMon_Handler                       0x080008d8   Section        0  gd32f4xx_it.o(i.DebugMon_Handler)
    i.EXTI4_IRQHandler                       0x080008dc   Section        0  exti.o(i.EXTI4_IRQHandler)
    i.EXTI_Pin_Init                          0x080008fc   Section        0  exti.o(i.EXTI_Pin_Init)
    i.HardFault_Handler                      0x0800092a   Section        0  gd32f4xx_it.o(i.HardFault_Handler)
    i.I2C_Start                              0x08000930   Section        0  oled.o(i.I2C_Start)
    i.I2C_Stop                               0x08000988   Section        0  oled.o(i.I2C_Stop)
    i.I2C_WaitAck                            0x080009d0   Section        0  oled.o(i.I2C_WaitAck)
    i.IIC_delay                              0x08000a48   Section        0  oled.o(i.IIC_delay)
    i.KEY1_Init                              0x08000a58   Section        0  button1.o(i.KEY1_Init)
    i.KEY2_Init                              0x08000a72   Section        0  button1.o(i.KEY2_Init)
    i.Led_Init                               0x08000a90   Section        0  led.o(i.Led_Init)
    i.MemManage_Handler                      0x08000ad0   Section        0  gd32f4xx_it.o(i.MemManage_Handler)
    i.NMI_Handler                            0x08000ad4   Section        0  gd32f4xx_it.o(i.NMI_Handler)
    i.NVIC_SetPriority                       0x08000ad8   Section        0  systick.o(i.NVIC_SetPriority)
    NVIC_SetPriority                         0x08000ad9   Thumb Code    32  systick.o(i.NVIC_SetPriority)
    i.OLED_Clear                             0x08000b00   Section        0  oled.o(i.OLED_Clear)
    i.OLED_ClearPoint                        0x08000b30   Section        0  oled.o(i.OLED_ClearPoint)
    i.OLED_DrawPoint                         0x08000b90   Section        0  oled.o(i.OLED_DrawPoint)
    i.OLED_Init                              0x08000bcc   Section        0  oled.o(i.OLED_Init)
    i.OLED_Printf                            0x08000d14   Section        0  oled.o(i.OLED_Printf)
    i.OLED_Refresh                           0x08000d48   Section        0  oled.o(i.OLED_Refresh)
    i.OLED_ShowChar                          0x08000d94   Section        0  oled.o(i.OLED_ShowChar)
    i.OLED_ShowString                        0x08000e90   Section        0  oled.o(i.OLED_ShowString)
    i.OLED_WR_Byte                           0x08000ed2   Section        0  oled.o(i.OLED_WR_Byte)
    i.PendSV_Handler                         0x08000f0a   Section        0  gd32f4xx_it.o(i.PendSV_Handler)
    i.RTC_Init                               0x08000f0c   Section        0  rtc.o(i.RTC_Init)
    i.SVC_Handler                            0x08001028   Section        0  gd32f4xx_it.o(i.SVC_Handler)
    i.Send_Byte                              0x0800102c   Section        0  oled.o(i.Send_Byte)
    i.Serial_Init                            0x08001088   Section        0  serial.o(i.Serial_Init)
    i.SysTick_Handler                        0x0800114c   Section        0  gd32f4xx_it.o(i.SysTick_Handler)
    i.SystemInit                             0x08001154   Section        0  system_gd32f4xx.o(i.SystemInit)
    i.System_Init                            0x08001228   Section        0  function.o(i.System_Init)
    i.TIM2_Init                              0x08001344   Section        0  timer.o(i.TIM2_Init)
    i.TIMER2_IRQHandler                      0x080013ac   Section        0  timer.o(i.TIMER2_IRQHandler)
    i.USART0_IRQHandler                      0x080013d8   Section        0  serial.o(i.USART0_IRQHandler)
    i.UsageFault_Handler                     0x08001410   Section        0  gd32f4xx_it.o(i.UsageFault_Handler)
    i.UsrFunction                            0x08001414   Section        0  function.o(i.UsrFunction)
    i.__0printf                              0x08001474   Section        0  printfa.o(i.__0printf)
    i.__0vsprintf                            0x08001494   Section        0  printfa.o(i.__0vsprintf)
    i.__scatterload_copy                     0x080014b8   Section       14  handlers.o(i.__scatterload_copy)
    i.__scatterload_null                     0x080014c6   Section        2  handlers.o(i.__scatterload_null)
    i.__scatterload_zeroinit                 0x080014c8   Section       14  handlers.o(i.__scatterload_zeroinit)
    i._fp_digits                             0x080014d8   Section        0  printfa.o(i._fp_digits)
    _fp_digits                               0x080014d9   Thumb Code   366  printfa.o(i._fp_digits)
    i._printf_core                           0x0800165c   Section        0  printfa.o(i._printf_core)
    _printf_core                             0x0800165d   Thumb Code  1744  printfa.o(i._printf_core)
    i._printf_post_padding                   0x08001d38   Section        0  printfa.o(i._printf_post_padding)
    _printf_post_padding                     0x08001d39   Thumb Code    36  printfa.o(i._printf_post_padding)
    i._printf_pre_padding                    0x08001d5c   Section        0  printfa.o(i._printf_pre_padding)
    _printf_pre_padding                      0x08001d5d   Thumb Code    46  printfa.o(i._printf_pre_padding)
    i._sputc                                 0x08001d8a   Section        0  printfa.o(i._sputc)
    _sputc                                   0x08001d8b   Thumb Code    10  printfa.o(i._sputc)
    i.adc_calibration_enable                 0x08001d94   Section        0  gd32f4xx_adc.o(i.adc_calibration_enable)
    i.adc_channel_length_config              0x08001dbe   Section        0  gd32f4xx_adc.o(i.adc_channel_length_config)
    i.adc_clock_config                       0x08001e10   Section        0  gd32f4xx_adc.o(i.adc_clock_config)
    i.adc_data_alignment_config              0x08001e34   Section        0  gd32f4xx_adc.o(i.adc_data_alignment_config)
    i.adc_deinit                             0x08001e4a   Section        0  gd32f4xx_adc.o(i.adc_deinit)
    i.adc_dma_mode_enable                    0x08001e5e   Section        0  gd32f4xx_adc.o(i.adc_dma_mode_enable)
    i.adc_dma_request_after_last_enable      0x08001e68   Section        0  gd32f4xx_adc.o(i.adc_dma_request_after_last_enable)
    i.adc_enable                             0x08001e72   Section        0  gd32f4xx_adc.o(i.adc_enable)
    i.adc_external_trigger_config            0x08001e84   Section        0  gd32f4xx_adc.o(i.adc_external_trigger_config)
    i.adc_external_trigger_source_config     0x08001eb8   Section        0  gd32f4xx_adc.o(i.adc_external_trigger_source_config)
    i.adc_routine_channel_config             0x08001ee8   Section        0  gd32f4xx_adc.o(i.adc_routine_channel_config)
    i.adc_software_trigger_enable            0x08001f94   Section        0  gd32f4xx_adc.o(i.adc_software_trigger_enable)
    i.adc_special_function_config            0x08001fb8   Section        0  gd32f4xx_adc.o(i.adc_special_function_config)
    i.adjust_value                           0x08002014   Section        0  rtc.o(i.adjust_value)
    i.apply_rtc_changes                      0x080020c8   Section        0  rtc.o(i.apply_rtc_changes)
    i.button_attach                          0x08002188   Section        0  button.o(i.button_attach)
    i.button_handler                         0x08002192   Section        0  button.o(i.button_handler)
    button_handler                           0x08002193   Thumb Code   586  button.o(i.button_handler)
    i.button_init                            0x080023dc   Section        0  button.o(i.button_init)
    i.button_start                           0x0800241c   Section        0  button.o(i.button_start)
    i.button_ticks                           0x08002448   Section        0  button.o(i.button_ticks)
    i.delay_1ms                              0x08002464   Section        0  systick.o(i.delay_1ms)
    i.delay_decrement                        0x08002478   Section        0  systick.o(i.delay_decrement)
    i.dma_channel_enable                     0x08002490   Section        0  gd32f4xx_dma.o(i.dma_channel_enable)
    i.dma_circulation_enable                 0x080024b0   Section        0  gd32f4xx_dma.o(i.dma_circulation_enable)
    i.dma_deinit                             0x080024d0   Section        0  gd32f4xx_dma.o(i.dma_deinit)
    i.dma_single_data_mode_init              0x08002578   Section        0  gd32f4xx_dma.o(i.dma_single_data_mode_init)
    i.exti_init                              0x080026d0   Section        0  gd32f4xx_exti.o(i.exti_init)
    i.exti_interrupt_flag_clear              0x0800278c   Section        0  gd32f4xx_exti.o(i.exti_interrupt_flag_clear)
    i.exti_interrupt_flag_get                0x08002798   Section        0  gd32f4xx_exti.o(i.exti_interrupt_flag_get)
    i.fputc                                  0x080027b0   Section        0  serial.o(i.fputc)
    i.get_max_day                            0x080027d4   Section        0  rtc.o(i.get_max_day)
    i.gpio_af_set                            0x0800282c   Section        0  gd32f4xx_gpio.o(i.gpio_af_set)
    i.gpio_bit_reset                         0x0800288a   Section        0  gd32f4xx_gpio.o(i.gpio_bit_reset)
    i.gpio_bit_set                           0x0800288e   Section        0  gd32f4xx_gpio.o(i.gpio_bit_set)
    i.gpio_bit_toggle                        0x08002892   Section        0  gd32f4xx_gpio.o(i.gpio_bit_toggle)
    i.gpio_input_bit_get                     0x08002896   Section        0  gd32f4xx_gpio.o(i.gpio_input_bit_get)
    i.gpio_mode_set                          0x080028a6   Section        0  gd32f4xx_gpio.o(i.gpio_mode_set)
    i.gpio_output_options_set                0x080028f4   Section        0  gd32f4xx_gpio.o(i.gpio_output_options_set)
    i.handle_key_event                       0x08002938   Section        0  rtc.o(i.handle_key_event)
    i.main                                   0x08002998   Section        0  main.o(i.main)
    i.nvic_irq_enable                        0x080029a8   Section        0  gd32f4xx_misc.o(i.nvic_irq_enable)
    i.nvic_priority_group_set                0x08002a6c   Section        0  gd32f4xx_misc.o(i.nvic_priority_group_set)
    i.pmu_backup_write_enable                0x08002a80   Section        0  gd32f4xx_pmu.o(i.pmu_backup_write_enable)
    i.rcu_all_reset_flag_clear               0x08002a94   Section        0  gd32f4xx_rcu.o(i.rcu_all_reset_flag_clear)
    i.rcu_clock_freq_get                     0x08002aa8   Section        0  gd32f4xx_rcu.o(i.rcu_clock_freq_get)
    i.rcu_flag_get                           0x08002bcc   Section        0  gd32f4xx_rcu.o(i.rcu_flag_get)
    i.rcu_osci_on                            0x08002bf0   Section        0  gd32f4xx_rcu.o(i.rcu_osci_on)
    i.rcu_osci_stab_wait                     0x08002c14   Section        0  gd32f4xx_rcu.o(i.rcu_osci_stab_wait)
    i.rcu_periph_clock_enable                0x08002d70   Section        0  gd32f4xx_rcu.o(i.rcu_periph_clock_enable)
    i.rcu_periph_reset_disable               0x08002d94   Section        0  gd32f4xx_rcu.o(i.rcu_periph_reset_disable)
    i.rcu_periph_reset_enable                0x08002db8   Section        0  gd32f4xx_rcu.o(i.rcu_periph_reset_enable)
    i.rcu_rtc_clock_config                   0x08002ddc   Section        0  gd32f4xx_rcu.o(i.rcu_rtc_clock_config)
    i.rcu_timer_clock_prescaler_config       0x08002df4   Section        0  gd32f4xx_rcu.o(i.rcu_timer_clock_prescaler_config)
    i.read_button_GPIO                       0x08002e18   Section        0  button1.o(i.read_button_GPIO)
    i.rtc_current_time_get                   0x08002e7c   Section        0  gd32f4xx_rtc.o(i.rtc_current_time_get)
    i.rtc_init                               0x08002ee0   Section        0  gd32f4xx_rtc.o(i.rtc_init)
    i.rtc_init_mode_enter                    0x08002fbc   Section        0  gd32f4xx_rtc.o(i.rtc_init_mode_enter)
    i.rtc_init_mode_exit                     0x08003004   Section        0  gd32f4xx_rtc.o(i.rtc_init_mode_exit)
    i.rtc_pre_config                         0x08003018   Section        0  rtc.o(i.rtc_pre_config)
    i.rtc_register_sync_wait                 0x08003054   Section        0  gd32f4xx_rtc.o(i.rtc_register_sync_wait)
    i.rtc_setup                              0x080030b4   Section        0  rtc.o(i.rtc_setup)
    i.rtc_show_time                          0x08003338   Section        0  rtc.o(i.rtc_show_time)
    i.show_adjust_status                     0x080033f0   Section        0  rtc.o(i.show_adjust_status)
    i.syscfg_exti_line_config                0x08003470   Section        0  gd32f4xx_syscfg.o(i.syscfg_exti_line_config)
    i.system_clock_240m_25m_hxtal            0x0800351c   Section        0  system_gd32f4xx.o(i.system_clock_240m_25m_hxtal)
    system_clock_240m_25m_hxtal              0x0800351d   Thumb Code   250  system_gd32f4xx.o(i.system_clock_240m_25m_hxtal)
    i.system_clock_config                    0x08003624   Section        0  system_gd32f4xx.o(i.system_clock_config)
    system_clock_config                      0x08003625   Thumb Code     8  system_gd32f4xx.o(i.system_clock_config)
    i.systick_config                         0x0800362c   Section        0  systick.o(i.systick_config)
    i.timer_auto_reload_shadow_enable        0x0800367c   Section        0  gd32f4xx_timer.o(i.timer_auto_reload_shadow_enable)
    i.timer_deinit                           0x08003688   Section        0  gd32f4xx_timer.o(i.timer_deinit)
    i.timer_enable                           0x0800380c   Section        0  gd32f4xx_timer.o(i.timer_enable)
    i.timer_init                             0x08003818   Section        0  gd32f4xx_timer.o(i.timer_init)
    i.timer_interrupt_enable                 0x080038b0   Section        0  gd32f4xx_timer.o(i.timer_interrupt_enable)
    i.timer_interrupt_flag_clear             0x080038b8   Section        0  gd32f4xx_timer.o(i.timer_interrupt_flag_clear)
    i.timer_interrupt_flag_get               0x080038be   Section        0  gd32f4xx_timer.o(i.timer_interrupt_flag_get)
    i.timer_struct_para_init                 0x080038d6   Section        0  gd32f4xx_timer.o(i.timer_struct_para_init)
    i.usart_baudrate_set                     0x080038ec   Section        0  gd32f4xx_usart.o(i.usart_baudrate_set)
    i.usart_data_receive                     0x080039d4   Section        0  gd32f4xx_usart.o(i.usart_data_receive)
    i.usart_data_transmit                    0x080039de   Section        0  gd32f4xx_usart.o(i.usart_data_transmit)
    i.usart_deinit                           0x080039e8   Section        0  gd32f4xx_usart.o(i.usart_deinit)
    i.usart_enable                           0x08003ac4   Section        0  gd32f4xx_usart.o(i.usart_enable)
    i.usart_flag_get                         0x08003ace   Section        0  gd32f4xx_usart.o(i.usart_flag_get)
    i.usart_hardware_flow_cts_config         0x08003aec   Section        0  gd32f4xx_usart.o(i.usart_hardware_flow_cts_config)
    i.usart_hardware_flow_rts_config         0x08003b00   Section        0  gd32f4xx_usart.o(i.usart_hardware_flow_rts_config)
    i.usart_input_threshold                  0x08003b14   Section        0  rtc.o(i.usart_input_threshold)
    i.usart_interrupt_enable                 0x08003ba0   Section        0  gd32f4xx_usart.o(i.usart_interrupt_enable)
    i.usart_interrupt_flag_clear             0x08003bba   Section        0  gd32f4xx_usart.o(i.usart_interrupt_flag_clear)
    i.usart_interrupt_flag_get               0x08003bd4   Section        0  gd32f4xx_usart.o(i.usart_interrupt_flag_get)
    i.usart_parity_config                    0x08003c0c   Section        0  gd32f4xx_usart.o(i.usart_parity_config)
    i.usart_receive_config                   0x08003c1c   Section        0  gd32f4xx_usart.o(i.usart_receive_config)
    i.usart_stop_bit_set                     0x08003c2c   Section        0  gd32f4xx_usart.o(i.usart_stop_bit_set)
    i.usart_transmit_config                  0x08003c3c   Section        0  gd32f4xx_usart.o(i.usart_transmit_config)
    i.usart_word_length_set                  0x08003c4c   Section        0  gd32f4xx_usart.o(i.usart_word_length_set)
    .constdata                               0x08003c5c   Section     8152  oled.o(.constdata)
    .data                                    0x20000000   Section        4  systick.o(.data)
    delay                                    0x20000000   Data           4  systick.o(.data)
    .data                                    0x20000004   Section       15  serial.o(.data)
    .data                                    0x20000014   Section        4  adc.o(.data)
    .data                                    0x20000018   Section        4  timer.o(.data)
    .data                                    0x2000001c   Section        4  button.o(.data)
    head_handle                              0x2000001c   Data           4  button.o(.data)
    .data                                    0x20000020   Section       13  rtc.o(.data)
    .data                                    0x20000030   Section        8  function.o(.data)
    .data                                    0x20000038   Section        4  system_gd32f4xx.o(.data)
    .data                                    0x2000003c   Section        4  stdout.o(.data)
    .bss                                     0x20000040   Section      576  oled.o(.bss)
    .bss                                     0x20000280   Section      264  button1.o(.bss)
    .bss                                     0x20000388   Section       36  rtc.o(.bss)
    STACK                                    0x200003b0   Section     1024  startup_gd32f450_470.o(STACK)

    Global Symbols

    Symbol Name                              Value     Ov Type        Size  Object(Section)

    BuildAttributes$$THM_ISAv4$E$P$D$K$B$S$7EM$VFPi3$EXTD16$VFPS$VFMA$PE$A:L22UL41UL21$X:L11$S22US41US21$IEEE1$IW$USESV6$~STKCKD$USESV7$~SHL$OSPACE$ROPI$EBA8$MICROLIB$REQ8$PRES8$EABIv2 0x00000000   Number         0  anon$$obj.o ABSOLUTE
    __ARM_use_no_argv                        0x00000000   Number         0  main.o ABSOLUTE
    _printf_a                                0x00000000   Number         0  stubs.o ABSOLUTE
    _printf_c                                0x00000000   Number         0  stubs.o ABSOLUTE
    _printf_charcount                        0x00000000   Number         0  stubs.o ABSOLUTE
    _printf_d                                0x00000000   Number         0  stubs.o ABSOLUTE
    _printf_e                                0x00000000   Number         0  stubs.o ABSOLUTE
    _printf_f                                0x00000000   Number         0  stubs.o ABSOLUTE
    _printf_flags                            0x00000000   Number         0  stubs.o ABSOLUTE
    _printf_fp_dec                           0x00000000   Number         0  stubs.o ABSOLUTE
    _printf_fp_hex                           0x00000000   Number         0  stubs.o ABSOLUTE
    _printf_g                                0x00000000   Number         0  stubs.o ABSOLUTE
    _printf_i                                0x00000000   Number         0  stubs.o ABSOLUTE
    _printf_int_dec                          0x00000000   Number         0  stubs.o ABSOLUTE
    _printf_l                                0x00000000   Number         0  stubs.o ABSOLUTE
    _printf_lc                               0x00000000   Number         0  stubs.o ABSOLUTE
    _printf_ll                               0x00000000   Number         0  stubs.o ABSOLUTE
    _printf_lld                              0x00000000   Number         0  stubs.o ABSOLUTE
    _printf_lli                              0x00000000   Number         0  stubs.o ABSOLUTE
    _printf_llo                              0x00000000   Number         0  stubs.o ABSOLUTE
    _printf_llu                              0x00000000   Number         0  stubs.o ABSOLUTE
    _printf_llx                              0x00000000   Number         0  stubs.o ABSOLUTE
    _printf_longlong_dec                     0x00000000   Number         0  stubs.o ABSOLUTE
    _printf_longlong_hex                     0x00000000   Number         0  stubs.o ABSOLUTE
    _printf_longlong_oct                     0x00000000   Number         0  stubs.o ABSOLUTE
    _printf_ls                               0x00000000   Number         0  stubs.o ABSOLUTE
    _printf_mbtowc                           0x00000000   Number         0  stubs.o ABSOLUTE
    _printf_n                                0x00000000   Number         0  stubs.o ABSOLUTE
    _printf_o                                0x00000000   Number         0  stubs.o ABSOLUTE
    _printf_p                                0x00000000   Number         0  stubs.o ABSOLUTE
    _printf_percent                          0x00000000   Number         0  stubs.o ABSOLUTE
    _printf_pre_padding                      0x00000000   Number         0  stubs.o ABSOLUTE
    _printf_return_value                     0x00000000   Number         0  stubs.o ABSOLUTE
    _printf_s                                0x00000000   Number         0  stubs.o ABSOLUTE
    _printf_sizespec                         0x00000000   Number         0  stubs.o ABSOLUTE
    _printf_str                              0x00000000   Number         0  stubs.o ABSOLUTE
    _printf_truncate_signed                  0x00000000   Number         0  stubs.o ABSOLUTE
    _printf_truncate_unsigned                0x00000000   Number         0  stubs.o ABSOLUTE
    _printf_u                                0x00000000   Number         0  stubs.o ABSOLUTE
    _printf_wc                               0x00000000   Number         0  stubs.o ABSOLUTE
    _printf_wctomb                           0x00000000   Number         0  stubs.o ABSOLUTE
    _printf_widthprec                        0x00000000   Number         0  stubs.o ABSOLUTE
    _printf_x                                0x00000000   Number         0  stubs.o ABSOLUTE
    __cpp_initialize__aeabi_                  - Undefined Weak Reference
    __cxa_finalize                            - Undefined Weak Reference
    __decompress                              - Undefined Weak Reference
    _clock_init                               - Undefined Weak Reference
    _microlib_exit                            - Undefined Weak Reference
    __Vectors_Size                           0x000001ac   Number         0  startup_gd32f450_470.o ABSOLUTE
    __Vectors                                0x08000000   Data           4  startup_gd32f450_470.o(RESET)
    __Vectors_End                            0x080001ac   Data           0  startup_gd32f450_470.o(RESET)
    __main                                   0x080001ad   Thumb Code     0  entry.o(.ARM.Collect$$$$00000000)
    _main_stk                                0x080001ad   Thumb Code     0  entry2.o(.ARM.Collect$$$$00000001)
    _main_scatterload                        0x080001b1   Thumb Code     0  entry5.o(.ARM.Collect$$$$00000004)
    __main_after_scatterload                 0x080001b5   Thumb Code     0  entry5.o(.ARM.Collect$$$$00000004)
    _main_clock                              0x080001b5   Thumb Code     0  entry7b.o(.ARM.Collect$$$$00000008)
    _main_cpp_init                           0x080001b5   Thumb Code     0  entry8b.o(.ARM.Collect$$$$0000000A)
    _main_init                               0x080001b5   Thumb Code     0  entry9a.o(.ARM.Collect$$$$0000000B)
    __rt_final_cpp                           0x080001bd   Thumb Code     0  entry10a.o(.ARM.Collect$$$$0000000D)
    __rt_final_exit                          0x080001bd   Thumb Code     0  entry11a.o(.ARM.Collect$$$$0000000F)
    Reset_Handler                            0x080001c1   Thumb Code     8  startup_gd32f450_470.o(.text)
    ADC_IRQHandler                           0x080001db   Thumb Code     0  startup_gd32f450_470.o(.text)
    CAN0_EWMC_IRQHandler                     0x080001db   Thumb Code     0  startup_gd32f450_470.o(.text)
    CAN0_RX0_IRQHandler                      0x080001db   Thumb Code     0  startup_gd32f450_470.o(.text)
    CAN0_RX1_IRQHandler                      0x080001db   Thumb Code     0  startup_gd32f450_470.o(.text)
    CAN0_TX_IRQHandler                       0x080001db   Thumb Code     0  startup_gd32f450_470.o(.text)
    CAN1_EWMC_IRQHandler                     0x080001db   Thumb Code     0  startup_gd32f450_470.o(.text)
    CAN1_RX0_IRQHandler                      0x080001db   Thumb Code     0  startup_gd32f450_470.o(.text)
    CAN1_RX1_IRQHandler                      0x080001db   Thumb Code     0  startup_gd32f450_470.o(.text)
    CAN1_TX_IRQHandler                       0x080001db   Thumb Code     0  startup_gd32f450_470.o(.text)
    DCI_IRQHandler                           0x080001db   Thumb Code     0  startup_gd32f450_470.o(.text)
    DMA0_Channel0_IRQHandler                 0x080001db   Thumb Code     0  startup_gd32f450_470.o(.text)
    DMA0_Channel1_IRQHandler                 0x080001db   Thumb Code     0  startup_gd32f450_470.o(.text)
    DMA0_Channel2_IRQHandler                 0x080001db   Thumb Code     0  startup_gd32f450_470.o(.text)
    DMA0_Channel3_IRQHandler                 0x080001db   Thumb Code     0  startup_gd32f450_470.o(.text)
    DMA0_Channel4_IRQHandler                 0x080001db   Thumb Code     0  startup_gd32f450_470.o(.text)
    DMA0_Channel5_IRQHandler                 0x080001db   Thumb Code     0  startup_gd32f450_470.o(.text)
    DMA0_Channel6_IRQHandler                 0x080001db   Thumb Code     0  startup_gd32f450_470.o(.text)
    DMA0_Channel7_IRQHandler                 0x080001db   Thumb Code     0  startup_gd32f450_470.o(.text)
    DMA1_Channel0_IRQHandler                 0x080001db   Thumb Code     0  startup_gd32f450_470.o(.text)
    DMA1_Channel1_IRQHandler                 0x080001db   Thumb Code     0  startup_gd32f450_470.o(.text)
    DMA1_Channel2_IRQHandler                 0x080001db   Thumb Code     0  startup_gd32f450_470.o(.text)
    DMA1_Channel3_IRQHandler                 0x080001db   Thumb Code     0  startup_gd32f450_470.o(.text)
    DMA1_Channel4_IRQHandler                 0x080001db   Thumb Code     0  startup_gd32f450_470.o(.text)
    DMA1_Channel5_IRQHandler                 0x080001db   Thumb Code     0  startup_gd32f450_470.o(.text)
    DMA1_Channel6_IRQHandler                 0x080001db   Thumb Code     0  startup_gd32f450_470.o(.text)
    DMA1_Channel7_IRQHandler                 0x080001db   Thumb Code     0  startup_gd32f450_470.o(.text)
    ENET_IRQHandler                          0x080001db   Thumb Code     0  startup_gd32f450_470.o(.text)
    ENET_WKUP_IRQHandler                     0x080001db   Thumb Code     0  startup_gd32f450_470.o(.text)
    EXMC_IRQHandler                          0x080001db   Thumb Code     0  startup_gd32f450_470.o(.text)
    EXTI0_IRQHandler                         0x080001db   Thumb Code     0  startup_gd32f450_470.o(.text)
    EXTI10_15_IRQHandler                     0x080001db   Thumb Code     0  startup_gd32f450_470.o(.text)
    EXTI1_IRQHandler                         0x080001db   Thumb Code     0  startup_gd32f450_470.o(.text)
    EXTI2_IRQHandler                         0x080001db   Thumb Code     0  startup_gd32f450_470.o(.text)
    EXTI3_IRQHandler                         0x080001db   Thumb Code     0  startup_gd32f450_470.o(.text)
    EXTI5_9_IRQHandler                       0x080001db   Thumb Code     0  startup_gd32f450_470.o(.text)
    FMC_IRQHandler                           0x080001db   Thumb Code     0  startup_gd32f450_470.o(.text)
    FPU_IRQHandler                           0x080001db   Thumb Code     0  startup_gd32f450_470.o(.text)
    I2C0_ER_IRQHandler                       0x080001db   Thumb Code     0  startup_gd32f450_470.o(.text)
    I2C0_EV_IRQHandler                       0x080001db   Thumb Code     0  startup_gd32f450_470.o(.text)
    I2C1_ER_IRQHandler                       0x080001db   Thumb Code     0  startup_gd32f450_470.o(.text)
    I2C1_EV_IRQHandler                       0x080001db   Thumb Code     0  startup_gd32f450_470.o(.text)
    I2C2_ER_IRQHandler                       0x080001db   Thumb Code     0  startup_gd32f450_470.o(.text)
    I2C2_EV_IRQHandler                       0x080001db   Thumb Code     0  startup_gd32f450_470.o(.text)
    IPA_IRQHandler                           0x080001db   Thumb Code     0  startup_gd32f450_470.o(.text)
    LVD_IRQHandler                           0x080001db   Thumb Code     0  startup_gd32f450_470.o(.text)
    RCU_CTC_IRQHandler                       0x080001db   Thumb Code     0  startup_gd32f450_470.o(.text)
    RTC_Alarm_IRQHandler                     0x080001db   Thumb Code     0  startup_gd32f450_470.o(.text)
    RTC_WKUP_IRQHandler                      0x080001db   Thumb Code     0  startup_gd32f450_470.o(.text)
    SDIO_IRQHandler                          0x080001db   Thumb Code     0  startup_gd32f450_470.o(.text)
    SPI0_IRQHandler                          0x080001db   Thumb Code     0  startup_gd32f450_470.o(.text)
    SPI1_IRQHandler                          0x080001db   Thumb Code     0  startup_gd32f450_470.o(.text)
    SPI2_IRQHandler                          0x080001db   Thumb Code     0  startup_gd32f450_470.o(.text)
    SPI3_IRQHandler                          0x080001db   Thumb Code     0  startup_gd32f450_470.o(.text)
    SPI4_IRQHandler                          0x080001db   Thumb Code     0  startup_gd32f450_470.o(.text)
    SPI5_IRQHandler                          0x080001db   Thumb Code     0  startup_gd32f450_470.o(.text)
    TAMPER_STAMP_IRQHandler                  0x080001db   Thumb Code     0  startup_gd32f450_470.o(.text)
    TIMER0_BRK_TIMER8_IRQHandler             0x080001db   Thumb Code     0  startup_gd32f450_470.o(.text)
    TIMER0_Channel_IRQHandler                0x080001db   Thumb Code     0  startup_gd32f450_470.o(.text)
    TIMER0_TRG_CMT_TIMER10_IRQHandler        0x080001db   Thumb Code     0  startup_gd32f450_470.o(.text)
    TIMER0_UP_TIMER9_IRQHandler              0x080001db   Thumb Code     0  startup_gd32f450_470.o(.text)
    TIMER1_IRQHandler                        0x080001db   Thumb Code     0  startup_gd32f450_470.o(.text)
    TIMER3_IRQHandler                        0x080001db   Thumb Code     0  startup_gd32f450_470.o(.text)
    TIMER4_IRQHandler                        0x080001db   Thumb Code     0  startup_gd32f450_470.o(.text)
    TIMER5_DAC_IRQHandler                    0x080001db   Thumb Code     0  startup_gd32f450_470.o(.text)
    TIMER6_IRQHandler                        0x080001db   Thumb Code     0  startup_gd32f450_470.o(.text)
    TIMER7_BRK_TIMER11_IRQHandler            0x080001db   Thumb Code     0  startup_gd32f450_470.o(.text)
    TIMER7_Channel_IRQHandler                0x080001db   Thumb Code     0  startup_gd32f450_470.o(.text)
    TIMER7_TRG_CMT_TIMER13_IRQHandler        0x080001db   Thumb Code     0  startup_gd32f450_470.o(.text)
    TIMER7_UP_TIMER12_IRQHandler             0x080001db   Thumb Code     0  startup_gd32f450_470.o(.text)
    TLI_ER_IRQHandler                        0x080001db   Thumb Code     0  startup_gd32f450_470.o(.text)
    TLI_IRQHandler                           0x080001db   Thumb Code     0  startup_gd32f450_470.o(.text)
    TRNG_IRQHandler                          0x080001db   Thumb Code     0  startup_gd32f450_470.o(.text)
    UART3_IRQHandler                         0x080001db   Thumb Code     0  startup_gd32f450_470.o(.text)
    UART4_IRQHandler                         0x080001db   Thumb Code     0  startup_gd32f450_470.o(.text)
    UART6_IRQHandler                         0x080001db   Thumb Code     0  startup_gd32f450_470.o(.text)
    UART7_IRQHandler                         0x080001db   Thumb Code     0  startup_gd32f450_470.o(.text)
    USART1_IRQHandler                        0x080001db   Thumb Code     0  startup_gd32f450_470.o(.text)
    USART2_IRQHandler                        0x080001db   Thumb Code     0  startup_gd32f450_470.o(.text)
    USART5_IRQHandler                        0x080001db   Thumb Code     0  startup_gd32f450_470.o(.text)
    USBFS_IRQHandler                         0x080001db   Thumb Code     0  startup_gd32f450_470.o(.text)
    USBFS_WKUP_IRQHandler                    0x080001db   Thumb Code     0  startup_gd32f450_470.o(.text)
    USBHS_EP1_In_IRQHandler                  0x080001db   Thumb Code     0  startup_gd32f450_470.o(.text)
    USBHS_EP1_Out_IRQHandler                 0x080001db   Thumb Code     0  startup_gd32f450_470.o(.text)
    USBHS_IRQHandler                         0x080001db   Thumb Code     0  startup_gd32f450_470.o(.text)
    USBHS_WKUP_IRQHandler                    0x080001db   Thumb Code     0  startup_gd32f450_470.o(.text)
    WWDGT_IRQHandler                         0x080001db   Thumb Code     0  startup_gd32f450_470.o(.text)
    __aeabi_memset                           0x080001e5   Thumb Code    14  memseta.o(.text)
    __aeabi_memset4                          0x080001e5   Thumb Code     0  memseta.o(.text)
    __aeabi_memset8                          0x080001e5   Thumb Code     0  memseta.o(.text)
    __aeabi_memclr                           0x080001f3   Thumb Code     4  memseta.o(.text)
    __aeabi_memclr4                          0x080001f3   Thumb Code     0  memseta.o(.text)
    __aeabi_memclr8                          0x080001f3   Thumb Code     0  memseta.o(.text)
    _memset$wrapper                          0x080001f7   Thumb Code    18  memseta.o(.text)
    __aeabi_uidiv                            0x08000209   Thumb Code     0  uidiv.o(.text)
    __aeabi_uidivmod                         0x08000209   Thumb Code    44  uidiv.o(.text)
    __aeabi_uldivmod                         0x08000235   Thumb Code    98  uldiv.o(.text)
    __I$use$fp                               0x08000297   Thumb Code     0  iusefp.o(.text)
    __aeabi_dadd                             0x08000297   Thumb Code   322  dadd.o(.text)
    __aeabi_dsub                             0x080003d9   Thumb Code     6  dadd.o(.text)
    __aeabi_drsub                            0x080003df   Thumb Code     6  dadd.o(.text)
    __aeabi_dmul                             0x080003e5   Thumb Code   228  dmul.o(.text)
    __aeabi_ddiv                             0x080004c9   Thumb Code   222  ddiv.o(.text)
    __aeabi_d2ulz                            0x080005a7   Thumb Code    48  dfixul.o(.text)
    __aeabi_cdrcmple                         0x080005d9   Thumb Code    48  cdrcmple.o(.text)
    __scatterload                            0x08000609   Thumb Code    28  init.o(.text)
    __scatterload_rt2                        0x08000609   Thumb Code     0  init.o(.text)
    __aeabi_llsl                             0x0800062d   Thumb Code    30  llshl.o(.text)
    _ll_shift_l                              0x0800062d   Thumb Code     0  llshl.o(.text)
    __aeabi_llsr                             0x0800064b   Thumb Code    32  llushr.o(.text)
    _ll_ushift_r                             0x0800064b   Thumb Code     0  llushr.o(.text)
    __aeabi_lasr                             0x0800066b   Thumb Code    36  llsshr.o(.text)
    _ll_sshift_r                             0x0800066b   Thumb Code     0  llsshr.o(.text)
    _double_round                            0x0800068f   Thumb Code    30  depilogue.o(.text)
    _double_epilogue                         0x080006ad   Thumb Code   156  depilogue.o(.text)
    ADC_Init                                 0x08000749   Thumb Code    86  adc.o(i.ADC_Init)
    ADC_Port_Init                            0x080007a5   Thumb Code    52  adc.o(i.ADC_Port_Init)
    BTN1_LONG_PRESS_HOLD_Handler             0x080007e1   Thumb Code     8  function.o(i.BTN1_LONG_PRESS_HOLD_Handler)
    BTN1_SINGLEClick_Handler                 0x080007ed   Thumb Code     8  function.o(i.BTN1_SINGLEClick_Handler)
    BTN2_SINGLEClick_Handler                 0x080007f9   Thumb Code     8  function.o(i.BTN2_SINGLEClick_Handler)
    BTN3_SINGLEClick_Handler                 0x08000805   Thumb Code     8  function.o(i.BTN3_SINGLEClick_Handler)
    BTN4_SINGLEClick_Handler                 0x08000811   Thumb Code     8  function.o(i.BTN4_SINGLEClick_Handler)
    BTN5_SINGLEClick_Handler                 0x0800081d   Thumb Code     8  function.o(i.BTN5_SINGLEClick_Handler)
    BTN6_SINGLEClick_Handler                 0x08000829   Thumb Code     8  function.o(i.BTN6_SINGLEClick_Handler)
    BusFault_Handler                         0x08000835   Thumb Code     4  gd32f4xx_it.o(i.BusFault_Handler)
    CLAMP                                    0x08000839   Thumb Code    22  rtc.o(i.CLAMP)
    CYCLIC                                   0x0800084f   Thumb Code    22  rtc.o(i.CYCLIC)
    DMA_ADC_config_Init                      0x08000865   Thumb Code   104  adc.o(i.DMA_ADC_config_Init)
    DebugMon_Handler                         0x080008d9   Thumb Code     2  gd32f4xx_it.o(i.DebugMon_Handler)
    EXTI4_IRQHandler                         0x080008dd   Thumb Code    26  exti.o(i.EXTI4_IRQHandler)
    EXTI_Pin_Init                            0x080008fd   Thumb Code    46  exti.o(i.EXTI_Pin_Init)
    HardFault_Handler                        0x0800092b   Thumb Code     4  gd32f4xx_it.o(i.HardFault_Handler)
    I2C_Start                                0x08000931   Thumb Code    84  oled.o(i.I2C_Start)
    I2C_Stop                                 0x08000989   Thumb Code    66  oled.o(i.I2C_Stop)
    I2C_WaitAck                              0x080009d1   Thumb Code   116  oled.o(i.I2C_WaitAck)
    IIC_delay                                0x08000a49   Thumb Code    16  oled.o(i.IIC_delay)
    KEY1_Init                                0x08000a59   Thumb Code    26  button1.o(i.KEY1_Init)
    KEY2_Init                                0x08000a73   Thumb Code    28  button1.o(i.KEY2_Init)
    Led_Init                                 0x08000a91   Thumb Code    60  led.o(i.Led_Init)
    MemManage_Handler                        0x08000ad1   Thumb Code     4  gd32f4xx_it.o(i.MemManage_Handler)
    NMI_Handler                              0x08000ad5   Thumb Code     2  gd32f4xx_it.o(i.NMI_Handler)
    OLED_Clear                               0x08000b01   Thumb Code    42  oled.o(i.OLED_Clear)
    OLED_ClearPoint                          0x08000b31   Thumb Code    90  oled.o(i.OLED_ClearPoint)
    OLED_DrawPoint                           0x08000b91   Thumb Code    54  oled.o(i.OLED_DrawPoint)
    OLED_Init                                0x08000bcd   Thumb Code   324  oled.o(i.OLED_Init)
    OLED_Printf                              0x08000d15   Thumb Code    50  oled.o(i.OLED_Printf)
    OLED_Refresh                             0x08000d49   Thumb Code    70  oled.o(i.OLED_Refresh)
    OLED_ShowChar                            0x08000d95   Thumb Code   240  oled.o(i.OLED_ShowChar)
    OLED_ShowString                          0x08000e91   Thumb Code    66  oled.o(i.OLED_ShowString)
    OLED_WR_Byte                             0x08000ed3   Thumb Code    56  oled.o(i.OLED_WR_Byte)
    PendSV_Handler                           0x08000f0b   Thumb Code     2  gd32f4xx_it.o(i.PendSV_Handler)
    RTC_Init                                 0x08000f0d   Thumb Code   110  rtc.o(i.RTC_Init)
    SVC_Handler                              0x08001029   Thumb Code     2  gd32f4xx_it.o(i.SVC_Handler)
    Send_Byte                                0x0800102d   Thumb Code    88  oled.o(i.Send_Byte)
    Serial_Init                              0x08001089   Thumb Code   186  serial.o(i.Serial_Init)
    SysTick_Handler                          0x0800114d   Thumb Code     8  gd32f4xx_it.o(i.SysTick_Handler)
    SystemInit                               0x08001155   Thumb Code   194  system_gd32f4xx.o(i.SystemInit)
    System_Init                              0x08001229   Thumb Code   228  function.o(i.System_Init)
    TIM2_Init                                0x08001345   Thumb Code    98  timer.o(i.TIM2_Init)
    TIMER2_IRQHandler                        0x080013ad   Thumb Code    36  timer.o(i.TIMER2_IRQHandler)
    USART0_IRQHandler                        0x080013d9   Thumb Code    38  serial.o(i.USART0_IRQHandler)
    UsageFault_Handler                       0x08001411   Thumb Code     4  gd32f4xx_it.o(i.UsageFault_Handler)
    UsrFunction                              0x08001415   Thumb Code    76  function.o(i.UsrFunction)
    __0printf                                0x08001475   Thumb Code    22  printfa.o(i.__0printf)
    __1printf                                0x08001475   Thumb Code     0  printfa.o(i.__0printf)
    __2printf                                0x08001475   Thumb Code     0  printfa.o(i.__0printf)
    __c89printf                              0x08001475   Thumb Code     0  printfa.o(i.__0printf)
    printf                                   0x08001475   Thumb Code     0  printfa.o(i.__0printf)
    __0vsprintf                              0x08001495   Thumb Code    30  printfa.o(i.__0vsprintf)
    __1vsprintf                              0x08001495   Thumb Code     0  printfa.o(i.__0vsprintf)
    __2vsprintf                              0x08001495   Thumb Code     0  printfa.o(i.__0vsprintf)
    __c89vsprintf                            0x08001495   Thumb Code     0  printfa.o(i.__0vsprintf)
    vsprintf                                 0x08001495   Thumb Code     0  printfa.o(i.__0vsprintf)
    __scatterload_copy                       0x080014b9   Thumb Code    14  handlers.o(i.__scatterload_copy)
    __scatterload_null                       0x080014c7   Thumb Code     2  handlers.o(i.__scatterload_null)
    __scatterload_zeroinit                   0x080014c9   Thumb Code    14  handlers.o(i.__scatterload_zeroinit)
    adc_calibration_enable                   0x08001d95   Thumb Code    42  gd32f4xx_adc.o(i.adc_calibration_enable)
    adc_channel_length_config                0x08001dbf   Thumb Code    82  gd32f4xx_adc.o(i.adc_channel_length_config)
    adc_clock_config                         0x08001e11   Thumb Code    28  gd32f4xx_adc.o(i.adc_clock_config)
    adc_data_alignment_config                0x08001e35   Thumb Code    22  gd32f4xx_adc.o(i.adc_data_alignment_config)
    adc_deinit                               0x08001e4b   Thumb Code    20  gd32f4xx_adc.o(i.adc_deinit)
    adc_dma_mode_enable                      0x08001e5f   Thumb Code    10  gd32f4xx_adc.o(i.adc_dma_mode_enable)
    adc_dma_request_after_last_enable        0x08001e69   Thumb Code    10  gd32f4xx_adc.o(i.adc_dma_request_after_last_enable)
    adc_enable                               0x08001e73   Thumb Code    18  gd32f4xx_adc.o(i.adc_enable)
    adc_external_trigger_config              0x08001e85   Thumb Code    52  gd32f4xx_adc.o(i.adc_external_trigger_config)
    adc_external_trigger_source_config       0x08001eb9   Thumb Code    48  gd32f4xx_adc.o(i.adc_external_trigger_source_config)
    adc_routine_channel_config               0x08001ee9   Thumb Code   172  gd32f4xx_adc.o(i.adc_routine_channel_config)
    adc_software_trigger_enable              0x08001f95   Thumb Code    36  gd32f4xx_adc.o(i.adc_software_trigger_enable)
    adc_special_function_config              0x08001fb9   Thumb Code    90  gd32f4xx_adc.o(i.adc_special_function_config)
    adjust_value                             0x08002015   Thumb Code   170  rtc.o(i.adjust_value)
    apply_rtc_changes                        0x080020c9   Thumb Code    76  rtc.o(i.apply_rtc_changes)
    button_attach                            0x08002189   Thumb Code    10  button.o(i.button_attach)
    button_init                              0x080023dd   Thumb Code    62  button.o(i.button_init)
    button_start                             0x0800241d   Thumb Code    38  button.o(i.button_start)
    button_ticks                             0x08002449   Thumb Code    22  button.o(i.button_ticks)
    delay_1ms                                0x08002465   Thumb Code    16  systick.o(i.delay_1ms)
    delay_decrement                          0x08002479   Thumb Code    18  systick.o(i.delay_decrement)
    dma_channel_enable                       0x08002491   Thumb Code    32  gd32f4xx_dma.o(i.dma_channel_enable)
    dma_circulation_enable                   0x080024b1   Thumb Code    32  gd32f4xx_dma.o(i.dma_circulation_enable)
    dma_deinit                               0x080024d1   Thumb Code   166  gd32f4xx_dma.o(i.dma_deinit)
    dma_single_data_mode_init                0x08002579   Thumb Code   340  gd32f4xx_dma.o(i.dma_single_data_mode_init)
    exti_init                                0x080026d1   Thumb Code   184  gd32f4xx_exti.o(i.exti_init)
    exti_interrupt_flag_clear                0x0800278d   Thumb Code     6  gd32f4xx_exti.o(i.exti_interrupt_flag_clear)
    exti_interrupt_flag_get                  0x08002799   Thumb Code    18  gd32f4xx_exti.o(i.exti_interrupt_flag_get)
    fputc                                    0x080027b1   Thumb Code    32  serial.o(i.fputc)
    get_max_day                              0x080027d5   Thumb Code    74  rtc.o(i.get_max_day)
    gpio_af_set                              0x0800282d   Thumb Code    94  gd32f4xx_gpio.o(i.gpio_af_set)
    gpio_bit_reset                           0x0800288b   Thumb Code     4  gd32f4xx_gpio.o(i.gpio_bit_reset)
    gpio_bit_set                             0x0800288f   Thumb Code     4  gd32f4xx_gpio.o(i.gpio_bit_set)
    gpio_bit_toggle                          0x08002893   Thumb Code     4  gd32f4xx_gpio.o(i.gpio_bit_toggle)
    gpio_input_bit_get                       0x08002897   Thumb Code    16  gd32f4xx_gpio.o(i.gpio_input_bit_get)
    gpio_mode_set                            0x080028a7   Thumb Code    78  gd32f4xx_gpio.o(i.gpio_mode_set)
    gpio_output_options_set                  0x080028f5   Thumb Code    66  gd32f4xx_gpio.o(i.gpio_output_options_set)
    handle_key_event                         0x08002939   Thumb Code    86  rtc.o(i.handle_key_event)
    main                                     0x08002999   Thumb Code    14  main.o(i.main)
    nvic_irq_enable                          0x080029a9   Thumb Code   186  gd32f4xx_misc.o(i.nvic_irq_enable)
    nvic_priority_group_set                  0x08002a6d   Thumb Code    10  gd32f4xx_misc.o(i.nvic_priority_group_set)
    pmu_backup_write_enable                  0x08002a81   Thumb Code    14  gd32f4xx_pmu.o(i.pmu_backup_write_enable)
    rcu_all_reset_flag_clear                 0x08002a95   Thumb Code    14  gd32f4xx_rcu.o(i.rcu_all_reset_flag_clear)
    rcu_clock_freq_get                       0x08002aa9   Thumb Code   264  gd32f4xx_rcu.o(i.rcu_clock_freq_get)
    rcu_flag_get                             0x08002bcd   Thumb Code    32  gd32f4xx_rcu.o(i.rcu_flag_get)
    rcu_osci_on                              0x08002bf1   Thumb Code    32  gd32f4xx_rcu.o(i.rcu_osci_on)
    rcu_osci_stab_wait                       0x08002c15   Thumb Code   342  gd32f4xx_rcu.o(i.rcu_osci_stab_wait)
    rcu_periph_clock_enable                  0x08002d71   Thumb Code    32  gd32f4xx_rcu.o(i.rcu_periph_clock_enable)
    rcu_periph_reset_disable                 0x08002d95   Thumb Code    32  gd32f4xx_rcu.o(i.rcu_periph_reset_disable)
    rcu_periph_reset_enable                  0x08002db9   Thumb Code    32  gd32f4xx_rcu.o(i.rcu_periph_reset_enable)
    rcu_rtc_clock_config                     0x08002ddd   Thumb Code    18  gd32f4xx_rcu.o(i.rcu_rtc_clock_config)
    rcu_timer_clock_prescaler_config         0x08002df5   Thumb Code    32  gd32f4xx_rcu.o(i.rcu_timer_clock_prescaler_config)
    read_button_GPIO                         0x08002e19   Thumb Code    90  button1.o(i.read_button_GPIO)
    rtc_current_time_get                     0x08002e7d   Thumb Code    96  gd32f4xx_rtc.o(i.rtc_current_time_get)
    rtc_init                                 0x08002ee1   Thumb Code   216  gd32f4xx_rtc.o(i.rtc_init)
    rtc_init_mode_enter                      0x08002fbd   Thumb Code    66  gd32f4xx_rtc.o(i.rtc_init_mode_enter)
    rtc_init_mode_exit                       0x08003005   Thumb Code    14  gd32f4xx_rtc.o(i.rtc_init_mode_exit)
    rtc_pre_config                           0x08003019   Thumb Code    52  rtc.o(i.rtc_pre_config)
    rtc_register_sync_wait                   0x08003055   Thumb Code    92  gd32f4xx_rtc.o(i.rtc_register_sync_wait)
    rtc_setup                                0x080030b5   Thumb Code   298  rtc.o(i.rtc_setup)
    rtc_show_time                            0x08003339   Thumb Code   100  rtc.o(i.rtc_show_time)
    show_adjust_status                       0x080033f1   Thumb Code    78  rtc.o(i.show_adjust_status)
    syscfg_exti_line_config                  0x08003471   Thumb Code   166  gd32f4xx_syscfg.o(i.syscfg_exti_line_config)
    systick_config                           0x0800362d   Thumb Code    74  systick.o(i.systick_config)
    timer_auto_reload_shadow_enable          0x0800367d   Thumb Code    10  gd32f4xx_timer.o(i.timer_auto_reload_shadow_enable)
    timer_deinit                             0x08003689   Thumb Code   374  gd32f4xx_timer.o(i.timer_deinit)
    timer_enable                             0x0800380d   Thumb Code    10  gd32f4xx_timer.o(i.timer_enable)
    timer_init                               0x08003819   Thumb Code   122  gd32f4xx_timer.o(i.timer_init)
    timer_interrupt_enable                   0x080038b1   Thumb Code     8  gd32f4xx_timer.o(i.timer_interrupt_enable)
    timer_interrupt_flag_clear               0x080038b9   Thumb Code     6  gd32f4xx_timer.o(i.timer_interrupt_flag_clear)
    timer_interrupt_flag_get                 0x080038bf   Thumb Code    24  gd32f4xx_timer.o(i.timer_interrupt_flag_get)
    timer_struct_para_init                   0x080038d7   Thumb Code    22  gd32f4xx_timer.o(i.timer_struct_para_init)
    usart_baudrate_set                       0x080038ed   Thumb Code   224  gd32f4xx_usart.o(i.usart_baudrate_set)
    usart_data_receive                       0x080039d5   Thumb Code    10  gd32f4xx_usart.o(i.usart_data_receive)
    usart_data_transmit                      0x080039df   Thumb Code     8  gd32f4xx_usart.o(i.usart_data_transmit)
    usart_deinit                             0x080039e9   Thumb Code   210  gd32f4xx_usart.o(i.usart_deinit)
    usart_enable                             0x08003ac5   Thumb Code    10  gd32f4xx_usart.o(i.usart_enable)
    usart_flag_get                           0x08003acf   Thumb Code    30  gd32f4xx_usart.o(i.usart_flag_get)
    usart_hardware_flow_cts_config           0x08003aed   Thumb Code    20  gd32f4xx_usart.o(i.usart_hardware_flow_cts_config)
    usart_hardware_flow_rts_config           0x08003b01   Thumb Code    20  gd32f4xx_usart.o(i.usart_hardware_flow_rts_config)
    usart_input_threshold                    0x08003b15   Thumb Code   110  rtc.o(i.usart_input_threshold)
    usart_interrupt_enable                   0x08003ba1   Thumb Code    26  gd32f4xx_usart.o(i.usart_interrupt_enable)
    usart_interrupt_flag_clear               0x08003bbb   Thumb Code    26  gd32f4xx_usart.o(i.usart_interrupt_flag_clear)
    usart_interrupt_flag_get                 0x08003bd5   Thumb Code    56  gd32f4xx_usart.o(i.usart_interrupt_flag_get)
    usart_parity_config                      0x08003c0d   Thumb Code    16  gd32f4xx_usart.o(i.usart_parity_config)
    usart_receive_config                     0x08003c1d   Thumb Code    16  gd32f4xx_usart.o(i.usart_receive_config)
    usart_stop_bit_set                       0x08003c2d   Thumb Code    16  gd32f4xx_usart.o(i.usart_stop_bit_set)
    usart_transmit_config                    0x08003c3d   Thumb Code    16  gd32f4xx_usart.o(i.usart_transmit_config)
    usart_word_length_set                    0x08003c4d   Thumb Code    16  gd32f4xx_usart.o(i.usart_word_length_set)
    F6x8                                     0x08003c5c   Data         552  oled.o(.constdata)
    F8X16                                    0x08003e84   Data        1520  oled.o(.constdata)
    asc2_1206                                0x08004474   Data        1140  oled.o(.constdata)
    asc2_1608                                0x080048e8   Data        1520  oled.o(.constdata)
    asc2_2412                                0x08004ed8   Data        3420  oled.o(.constdata)
    Region$$Table$$Base                      0x08005c34   Number         0  anon$$obj.o(Region$$Table)
    Region$$Table$$Limit                     0x08005c54   Number         0  anon$$obj.o(Region$$Table)
    data_recv                                0x20000004   Data           1  serial.o(.data)
    data_ready                               0x20000005   Data           1  serial.o(.data)
    Serial_TxPacket                          0x20000006   Data           4  serial.o(.data)
    Serial_RxPacket                          0x2000000a   Data           4  serial.o(.data)
    Serial_RxValue                           0x2000000e   Data           4  serial.o(.data)
    Serial_RxFlag                            0x20000012   Data           1  serial.o(.data)
    adc_value                                0x20000014   Data           4  adc.o(.data)
    cnt                                      0x20000018   Data           4  timer.o(.data)
    prescaler_a                              0x20000020   Data           4  rtc.o(.data)
    prescaler_s                              0x20000024   Data           4  rtc.o(.data)
    RTCSRC_FLAG                              0x20000028   Data           4  rtc.o(.data)
    current_state                            0x2000002c   Data           1  rtc.o(.data)
    FLAG                                     0x20000030   Data           4  function.o(.data)
    Key_num                                  0x20000034   Data           4  function.o(.data)
    SystemCoreClock                          0x20000038   Data           4  system_gd32f4xx.o(.data)
    __stdout                                 0x2000003c   Data           4  stdout.o(.data)
    OLED_GRAM                                0x20000040   Data         576  oled.o(.bss)
    btn1                                     0x20000280   Data          44  button1.o(.bss)
    btn2                                     0x200002ac   Data          44  button1.o(.bss)
    btn3                                     0x200002d8   Data          44  button1.o(.bss)
    btn4                                     0x20000304   Data          44  button1.o(.bss)
    btn5                                     0x20000330   Data          44  button1.o(.bss)
    btn6                                     0x2000035c   Data          44  button1.o(.bss)
    rtc_initpara                             0x20000388   Data          20  rtc.o(.bss)
    rtc_alarm                                0x2000039c   Data          16  rtc.o(.bss)
    __initial_sp                             0x200007b0   Data           0  startup_gd32f450_470.o(STACK)



==============================================================================

Memory Map of the image

  Image Entry point : 0x080001ad

  Load Region LR_IROM1 (Base: 0x08000000, Size: 0x00005c94, Max: 0x00080000, ABSOLUTE)

    Execution Region ER_IROM1 (Exec base: 0x08000000, Load base: 0x08000000, Size: 0x00005c54, Max: 0x00080000, ABSOLUTE)

    Exec Addr    Load Addr    Size         Type   Attr      Idx    E Section Name        Object

    0x08000000   0x08000000   0x000001ac   Data   RO         6501    RESET               startup_gd32f450_470.o
    0x080001ac   0x080001ac   0x00000000   Code   RO         6506  * .ARM.Collect$$$$00000000  mc_w.l(entry.o)
    0x080001ac   0x080001ac   0x00000004   Code   RO         6772    .ARM.Collect$$$$00000001  mc_w.l(entry2.o)
    0x080001b0   0x080001b0   0x00000004   Code   RO         6775    .ARM.Collect$$$$00000004  mc_w.l(entry5.o)
    0x080001b4   0x080001b4   0x00000000   Code   RO         6777    .ARM.Collect$$$$00000008  mc_w.l(entry7b.o)
    0x080001b4   0x080001b4   0x00000000   Code   RO         6779    .ARM.Collect$$$$0000000A  mc_w.l(entry8b.o)
    0x080001b4   0x080001b4   0x00000008   Code   RO         6780    .ARM.Collect$$$$0000000B  mc_w.l(entry9a.o)
    0x080001bc   0x080001bc   0x00000000   Code   RO         6782    .ARM.Collect$$$$0000000D  mc_w.l(entry10a.o)
    0x080001bc   0x080001bc   0x00000000   Code   RO         6784    .ARM.Collect$$$$0000000F  mc_w.l(entry11a.o)
    0x080001bc   0x080001bc   0x00000004   Code   RO         6773    .ARM.Collect$$$$00002712  mc_w.l(entry2.o)
    0x080001c0   0x080001c0   0x00000024   Code   RO         6502    .text               startup_gd32f450_470.o
    0x080001e4   0x080001e4   0x00000024   Code   RO         6509    .text               mc_w.l(memseta.o)
    0x08000208   0x08000208   0x0000002c   Code   RO         6787    .text               mc_w.l(uidiv.o)
    0x08000234   0x08000234   0x00000062   Code   RO         6789    .text               mc_w.l(uldiv.o)
    0x08000296   0x08000296   0x00000000   Code   RO         6791    .text               mc_w.l(iusefp.o)
    0x08000296   0x08000296   0x0000014e   Code   RO         6792    .text               mf_w.l(dadd.o)
    0x080003e4   0x080003e4   0x000000e4   Code   RO         6794    .text               mf_w.l(dmul.o)
    0x080004c8   0x080004c8   0x000000de   Code   RO         6796    .text               mf_w.l(ddiv.o)
    0x080005a6   0x080005a6   0x00000030   Code   RO         6798    .text               mf_w.l(dfixul.o)
    0x080005d6   0x080005d6   0x00000002   PAD
    0x080005d8   0x080005d8   0x00000030   Code   RO         6800    .text               mf_w.l(cdrcmple.o)
    0x08000608   0x08000608   0x00000024   Code   RO         6802    .text               mc_w.l(init.o)
    0x0800062c   0x0800062c   0x0000001e   Code   RO         6804    .text               mc_w.l(llshl.o)
    0x0800064a   0x0800064a   0x00000020   Code   RO         6806    .text               mc_w.l(llushr.o)
    0x0800066a   0x0800066a   0x00000024   Code   RO         6808    .text               mc_w.l(llsshr.o)
    0x0800068e   0x0800068e   0x000000ba   Code   RO         6810    .text               mf_w.l(depilogue.o)
    0x08000748   0x08000748   0x0000005c   Code   RO          635    i.ADC_Init          adc.o
    0x080007a4   0x080007a4   0x0000003c   Code   RO          636    i.ADC_Port_Init     adc.o
    0x080007e0   0x080007e0   0x0000000c   Code   RO          905    i.BTN1_LONG_PRESS_HOLD_Handler  function.o
    0x080007ec   0x080007ec   0x0000000c   Code   RO          906    i.BTN1_SINGLEClick_Handler  function.o
    0x080007f8   0x080007f8   0x0000000c   Code   RO          907    i.BTN2_SINGLEClick_Handler  function.o
    0x08000804   0x08000804   0x0000000c   Code   RO          908    i.BTN3_SINGLEClick_Handler  function.o
    0x08000810   0x08000810   0x0000000c   Code   RO          909    i.BTN4_SINGLEClick_Handler  function.o
    0x0800081c   0x0800081c   0x0000000c   Code   RO          910    i.BTN5_SINGLEClick_Handler  function.o
    0x08000828   0x08000828   0x0000000c   Code   RO          911    i.BTN6_SINGLEClick_Handler  function.o
    0x08000834   0x08000834   0x00000004   Code   RO            3    i.BusFault_Handler  gd32f4xx_it.o
    0x08000838   0x08000838   0x00000016   Code   RO          806    i.CLAMP             rtc.o
    0x0800084e   0x0800084e   0x00000016   Code   RO          807    i.CYCLIC            rtc.o
    0x08000864   0x08000864   0x00000074   Code   RO          637    i.DMA_ADC_config_Init  adc.o
    0x080008d8   0x080008d8   0x00000002   Code   RO            4    i.DebugMon_Handler  gd32f4xx_it.o
    0x080008da   0x080008da   0x00000002   PAD
    0x080008dc   0x080008dc   0x00000020   Code   RO          337    i.EXTI4_IRQHandler  exti.o
    0x080008fc   0x080008fc   0x0000002e   Code   RO          338    i.EXTI_Pin_Init     exti.o
    0x0800092a   0x0800092a   0x00000004   Code   RO            5    i.HardFault_Handler  gd32f4xx_it.o
    0x0800092e   0x0800092e   0x00000002   PAD
    0x08000930   0x08000930   0x00000058   Code   RO          437    i.I2C_Start         oled.o
    0x08000988   0x08000988   0x00000048   Code   RO          438    i.I2C_Stop          oled.o
    0x080009d0   0x080009d0   0x00000078   Code   RO          439    i.I2C_WaitAck       oled.o
    0x08000a48   0x08000a48   0x00000010   Code   RO          440    i.IIC_delay         oled.o
    0x08000a58   0x08000a58   0x0000001a   Code   RO          762    i.KEY1_Init         button1.o
    0x08000a72   0x08000a72   0x0000001c   Code   RO          763    i.KEY2_Init         button1.o
    0x08000a8e   0x08000a8e   0x00000002   PAD
    0x08000a90   0x08000a90   0x00000040   Code   RO          306    i.Led_Init          led.o
    0x08000ad0   0x08000ad0   0x00000004   Code   RO            6    i.MemManage_Handler  gd32f4xx_it.o
    0x08000ad4   0x08000ad4   0x00000002   Code   RO            7    i.NMI_Handler       gd32f4xx_it.o
    0x08000ad6   0x08000ad6   0x00000002   PAD
    0x08000ad8   0x08000ad8   0x00000028   Code   RO          262    i.NVIC_SetPriority  systick.o
    0x08000b00   0x08000b00   0x00000030   Code   RO          441    i.OLED_Clear        oled.o
    0x08000b30   0x08000b30   0x00000060   Code   RO          442    i.OLED_ClearPoint   oled.o
    0x08000b90   0x08000b90   0x0000003c   Code   RO          449    i.OLED_DrawPoint    oled.o
    0x08000bcc   0x08000bcc   0x00000148   Code   RO          450    i.OLED_Init         oled.o
    0x08000d14   0x08000d14   0x00000032   Code   RO          452    i.OLED_Printf       oled.o
    0x08000d46   0x08000d46   0x00000002   PAD
    0x08000d48   0x08000d48   0x0000004c   Code   RO          453    i.OLED_Refresh      oled.o
    0x08000d94   0x08000d94   0x000000fc   Code   RO          455    i.OLED_ShowChar     oled.o
    0x08000e90   0x08000e90   0x00000042   Code   RO          460    i.OLED_ShowString   oled.o
    0x08000ed2   0x08000ed2   0x00000038   Code   RO          462    i.OLED_WR_Byte      oled.o
    0x08000f0a   0x08000f0a   0x00000002   Code   RO            8    i.PendSV_Handler    gd32f4xx_it.o
    0x08000f0c   0x08000f0c   0x0000011c   Code   RO          808    i.RTC_Init          rtc.o
    0x08001028   0x08001028   0x00000002   Code   RO            9    i.SVC_Handler       gd32f4xx_it.o
    0x0800102a   0x0800102a   0x00000002   PAD
    0x0800102c   0x0800102c   0x0000005c   Code   RO          463    i.Send_Byte         oled.o
    0x08001088   0x08001088   0x000000c4   Code   RO          370    i.Serial_Init       serial.o
    0x0800114c   0x0800114c   0x00000008   Code   RO           10    i.SysTick_Handler   gd32f4xx_it.o
    0x08001154   0x08001154   0x000000d4   Code   RO          980    i.SystemInit        system_gd32f4xx.o
    0x08001228   0x08001228   0x0000011c   Code   RO          912    i.System_Init       function.o
    0x08001344   0x08001344   0x00000068   Code   RO          673    i.TIM2_Init         timer.o
    0x080013ac   0x080013ac   0x0000002c   Code   RO          674    i.TIMER2_IRQHandler  timer.o
    0x080013d8   0x080013d8   0x00000038   Code   RO          374    i.USART0_IRQHandler  serial.o
    0x08001410   0x08001410   0x00000004   Code   RO           11    i.UsageFault_Handler  gd32f4xx_it.o
    0x08001414   0x08001414   0x00000060   Code   RO          913    i.UsrFunction       function.o
    0x08001474   0x08001474   0x00000020   Code   RO         6744    i.__0printf         mc_w.l(printfa.o)
    0x08001494   0x08001494   0x00000024   Code   RO         6750    i.__0vsprintf       mc_w.l(printfa.o)
    0x080014b8   0x080014b8   0x0000000e   Code   RO         6814    i.__scatterload_copy  mc_w.l(handlers.o)
    0x080014c6   0x080014c6   0x00000002   Code   RO         6815    i.__scatterload_null  mc_w.l(handlers.o)
    0x080014c8   0x080014c8   0x0000000e   Code   RO         6816    i.__scatterload_zeroinit  mc_w.l(handlers.o)
    0x080014d6   0x080014d6   0x00000002   PAD
    0x080014d8   0x080014d8   0x00000184   Code   RO         6751    i._fp_digits        mc_w.l(printfa.o)
    0x0800165c   0x0800165c   0x000006dc   Code   RO         6752    i._printf_core      mc_w.l(printfa.o)
    0x08001d38   0x08001d38   0x00000024   Code   RO         6753    i._printf_post_padding  mc_w.l(printfa.o)
    0x08001d5c   0x08001d5c   0x0000002e   Code   RO         6754    i._printf_pre_padding  mc_w.l(printfa.o)
    0x08001d8a   0x08001d8a   0x0000000a   Code   RO         6756    i._sputc            mc_w.l(printfa.o)
    0x08001d94   0x08001d94   0x0000002a   Code   RO         1021    i.adc_calibration_enable  gd32f4xx_adc.o
    0x08001dbe   0x08001dbe   0x00000052   Code   RO         1023    i.adc_channel_length_config  gd32f4xx_adc.o
    0x08001e10   0x08001e10   0x00000024   Code   RO         1024    i.adc_clock_config  gd32f4xx_adc.o
    0x08001e34   0x08001e34   0x00000016   Code   RO         1025    i.adc_data_alignment_config  gd32f4xx_adc.o
    0x08001e4a   0x08001e4a   0x00000014   Code   RO         1026    i.adc_deinit        gd32f4xx_adc.o
    0x08001e5e   0x08001e5e   0x0000000a   Code   RO         1030    i.adc_dma_mode_enable  gd32f4xx_adc.o
    0x08001e68   0x08001e68   0x0000000a   Code   RO         1032    i.adc_dma_request_after_last_enable  gd32f4xx_adc.o
    0x08001e72   0x08001e72   0x00000012   Code   RO         1033    i.adc_enable        gd32f4xx_adc.o
    0x08001e84   0x08001e84   0x00000034   Code   RO         1035    i.adc_external_trigger_config  gd32f4xx_adc.o
    0x08001eb8   0x08001eb8   0x00000030   Code   RO         1036    i.adc_external_trigger_source_config  gd32f4xx_adc.o
    0x08001ee8   0x08001ee8   0x000000ac   Code   RO         1051    i.adc_routine_channel_config  gd32f4xx_adc.o
    0x08001f94   0x08001f94   0x00000024   Code   RO         1054    i.adc_software_trigger_enable  gd32f4xx_adc.o
    0x08001fb8   0x08001fb8   0x0000005a   Code   RO         1055    i.adc_special_function_config  gd32f4xx_adc.o
    0x08002012   0x08002012   0x00000002   PAD
    0x08002014   0x08002014   0x000000b4   Code   RO          809    i.adjust_value      rtc.o
    0x080020c8   0x080020c8   0x000000c0   Code   RO          810    i.apply_rtc_changes  rtc.o
    0x08002188   0x08002188   0x0000000a   Code   RO          705    i.button_attach     button.o
    0x08002192   0x08002192   0x0000024a   Code   RO          706    i.button_handler    button.o
    0x080023dc   0x080023dc   0x0000003e   Code   RO          707    i.button_init       button.o
    0x0800241a   0x0800241a   0x00000002   PAD
    0x0800241c   0x0800241c   0x0000002c   Code   RO          708    i.button_start      button.o
    0x08002448   0x08002448   0x0000001c   Code   RO          710    i.button_ticks      button.o
    0x08002464   0x08002464   0x00000014   Code   RO          263    i.delay_1ms         systick.o
    0x08002478   0x08002478   0x00000018   Code   RO          264    i.delay_decrement   systick.o
    0x08002490   0x08002490   0x00000020   Code   RO         2062    i.dma_channel_enable  gd32f4xx_dma.o
    0x080024b0   0x080024b0   0x00000020   Code   RO         2065    i.dma_circulation_enable  gd32f4xx_dma.o
    0x080024d0   0x080024d0   0x000000a6   Code   RO         2066    i.dma_deinit        gd32f4xx_dma.o
    0x08002576   0x08002576   0x00000002   PAD
    0x08002578   0x08002578   0x00000158   Code   RO         2086    i.dma_single_data_mode_init  gd32f4xx_dma.o
    0x080026d0   0x080026d0   0x000000bc   Code   RO         3089    i.exti_init         gd32f4xx_exti.o
    0x0800278c   0x0800278c   0x0000000c   Code   RO         3092    i.exti_interrupt_flag_clear  gd32f4xx_exti.o
    0x08002798   0x08002798   0x00000018   Code   RO         3093    i.exti_interrupt_flag_get  gd32f4xx_exti.o
    0x080027b0   0x080027b0   0x00000024   Code   RO          375    i.fputc             serial.o
    0x080027d4   0x080027d4   0x00000058   Code   RO          811    i.get_max_day       rtc.o
    0x0800282c   0x0800282c   0x0000005e   Code   RO         3480    i.gpio_af_set       gd32f4xx_gpio.o
    0x0800288a   0x0800288a   0x00000004   Code   RO         3481    i.gpio_bit_reset    gd32f4xx_gpio.o
    0x0800288e   0x0800288e   0x00000004   Code   RO         3482    i.gpio_bit_set      gd32f4xx_gpio.o
    0x08002892   0x08002892   0x00000004   Code   RO         3483    i.gpio_bit_toggle   gd32f4xx_gpio.o
    0x08002896   0x08002896   0x00000010   Code   RO         3486    i.gpio_input_bit_get  gd32f4xx_gpio.o
    0x080028a6   0x080028a6   0x0000004e   Code   RO         3488    i.gpio_mode_set     gd32f4xx_gpio.o
    0x080028f4   0x080028f4   0x00000042   Code   RO         3490    i.gpio_output_options_set  gd32f4xx_gpio.o
    0x08002936   0x08002936   0x00000002   PAD
    0x08002938   0x08002938   0x00000060   Code   RO          812    i.handle_key_event  rtc.o
    0x08002998   0x08002998   0x0000000e   Code   RO          196    i.main              main.o
    0x080029a6   0x080029a6   0x00000002   PAD
    0x080029a8   0x080029a8   0x000000c4   Code   RO         4053    i.nvic_irq_enable   gd32f4xx_misc.o
    0x08002a6c   0x08002a6c   0x00000014   Code   RO         4054    i.nvic_priority_group_set  gd32f4xx_misc.o
    0x08002a80   0x08002a80   0x00000014   Code   RO         4110    i.pmu_backup_write_enable  gd32f4xx_pmu.o
    0x08002a94   0x08002a94   0x00000014   Code   RO         4250    i.rcu_all_reset_flag_clear  gd32f4xx_rcu.o
    0x08002aa8   0x08002aa8   0x00000124   Code   RO         4258    i.rcu_clock_freq_get  gd32f4xx_rcu.o
    0x08002bcc   0x08002bcc   0x00000024   Code   RO         4261    i.rcu_flag_get      gd32f4xx_rcu.o
    0x08002bf0   0x08002bf0   0x00000024   Code   RO         4274    i.rcu_osci_on       gd32f4xx_rcu.o
    0x08002c14   0x08002c14   0x0000015c   Code   RO         4275    i.rcu_osci_stab_wait  gd32f4xx_rcu.o
    0x08002d70   0x08002d70   0x00000024   Code   RO         4277    i.rcu_periph_clock_enable  gd32f4xx_rcu.o
    0x08002d94   0x08002d94   0x00000024   Code   RO         4280    i.rcu_periph_reset_disable  gd32f4xx_rcu.o
    0x08002db8   0x08002db8   0x00000024   Code   RO         4281    i.rcu_periph_reset_enable  gd32f4xx_rcu.o
    0x08002ddc   0x08002ddc   0x00000018   Code   RO         4286    i.rcu_rtc_clock_config  gd32f4xx_rcu.o
    0x08002df4   0x08002df4   0x00000024   Code   RO         4293    i.rcu_timer_clock_prescaler_config  gd32f4xx_rcu.o
    0x08002e18   0x08002e18   0x00000064   Code   RO          765    i.read_button_GPIO  button1.o
    0x08002e7c   0x08002e7c   0x00000064   Code   RO         4558    i.rtc_current_time_get  gd32f4xx_rtc.o
    0x08002ee0   0x08002ee0   0x000000dc   Code   RO         4563    i.rtc_init          gd32f4xx_rtc.o
    0x08002fbc   0x08002fbc   0x00000048   Code   RO         4564    i.rtc_init_mode_enter  gd32f4xx_rtc.o
    0x08003004   0x08003004   0x00000014   Code   RO         4565    i.rtc_init_mode_exit  gd32f4xx_rtc.o
    0x08003018   0x08003018   0x0000003c   Code   RO          813    i.rtc_pre_config    rtc.o
    0x08003054   0x08003054   0x00000060   Code   RO         4570    i.rtc_register_sync_wait  gd32f4xx_rtc.o
    0x080030b4   0x080030b4   0x00000284   Code   RO          814    i.rtc_setup         rtc.o
    0x08003338   0x08003338   0x000000b8   Code   RO          816    i.rtc_show_time     rtc.o
    0x080033f0   0x080033f0   0x00000080   Code   RO          817    i.show_adjust_status  rtc.o
    0x08003470   0x08003470   0x000000ac   Code   RO         5360    i.syscfg_exti_line_config  gd32f4xx_syscfg.o
    0x0800351c   0x0800351c   0x00000108   Code   RO          981    i.system_clock_240m_25m_hxtal  system_gd32f4xx.o
    0x08003624   0x08003624   0x00000008   Code   RO          982    i.system_clock_config  system_gd32f4xx.o
    0x0800362c   0x0800362c   0x00000050   Code   RO          265    i.systick_config    systick.o
    0x0800367c   0x0800367c   0x0000000a   Code   RO         5418    i.timer_auto_reload_shadow_enable  gd32f4xx_timer.o
    0x08003686   0x08003686   0x00000002   PAD
    0x08003688   0x08003688   0x00000184   Code   RO         5449    i.timer_deinit      gd32f4xx_timer.o
    0x0800380c   0x0800380c   0x0000000a   Code   RO         5454    i.timer_enable      gd32f4xx_timer.o
    0x08003816   0x08003816   0x00000002   PAD
    0x08003818   0x08003818   0x00000098   Code   RO         5464    i.timer_init        gd32f4xx_timer.o
    0x080038b0   0x080038b0   0x00000008   Code   RO         5471    i.timer_interrupt_enable  gd32f4xx_timer.o
    0x080038b8   0x080038b8   0x00000006   Code   RO         5472    i.timer_interrupt_flag_clear  gd32f4xx_timer.o
    0x080038be   0x080038be   0x00000018   Code   RO         5473    i.timer_interrupt_flag_get  gd32f4xx_timer.o
    0x080038d6   0x080038d6   0x00000016   Code   RO         5484    i.timer_struct_para_init  gd32f4xx_timer.o
    0x080038ec   0x080038ec   0x000000e8   Code   RO         6102    i.usart_baudrate_set  gd32f4xx_usart.o
    0x080039d4   0x080039d4   0x0000000a   Code   RO         6106    i.usart_data_receive  gd32f4xx_usart.o
    0x080039de   0x080039de   0x00000008   Code   RO         6107    i.usart_data_transmit  gd32f4xx_usart.o
    0x080039e6   0x080039e6   0x00000002   PAD
    0x080039e8   0x080039e8   0x000000dc   Code   RO         6108    i.usart_deinit      gd32f4xx_usart.o
    0x08003ac4   0x08003ac4   0x0000000a   Code   RO         6112    i.usart_enable      gd32f4xx_usart.o
    0x08003ace   0x08003ace   0x0000001e   Code   RO         6114    i.usart_flag_get    gd32f4xx_usart.o
    0x08003aec   0x08003aec   0x00000014   Code   RO         6119    i.usart_hardware_flow_cts_config  gd32f4xx_usart.o
    0x08003b00   0x08003b00   0x00000014   Code   RO         6120    i.usart_hardware_flow_rts_config  gd32f4xx_usart.o
    0x08003b14   0x08003b14   0x0000008c   Code   RO          818    i.usart_input_threshold  rtc.o
    0x08003ba0   0x08003ba0   0x0000001a   Code   RO         6122    i.usart_interrupt_enable  gd32f4xx_usart.o
    0x08003bba   0x08003bba   0x0000001a   Code   RO         6123    i.usart_interrupt_flag_clear  gd32f4xx_usart.o
    0x08003bd4   0x08003bd4   0x00000038   Code   RO         6124    i.usart_interrupt_flag_get  gd32f4xx_usart.o
    0x08003c0c   0x08003c0c   0x00000010   Code   RO         6137    i.usart_parity_config  gd32f4xx_usart.o
    0x08003c1c   0x08003c1c   0x00000010   Code   RO         6139    i.usart_receive_config  gd32f4xx_usart.o
    0x08003c2c   0x08003c2c   0x00000010   Code   RO         6150    i.usart_stop_bit_set  gd32f4xx_usart.o
    0x08003c3c   0x08003c3c   0x00000010   Code   RO         6154    i.usart_transmit_config  gd32f4xx_usart.o
    0x08003c4c   0x08003c4c   0x00000010   Code   RO         6155    i.usart_word_length_set  gd32f4xx_usart.o
    0x08003c5c   0x08003c5c   0x00001fd8   Data   RO          465    .constdata          oled.o
    0x08005c34   0x08005c34   0x00000020   Data   RO         6812    Region$$Table       anon$$obj.o


    Execution Region RW_IRAM1 (Exec base: 0x20000000, Load base: 0x08005c54, Size: 0x000007b0, Max: 0x00030000, ABSOLUTE)

    Exec Addr    Load Addr    Size         Type   Attr      Idx    E Section Name        Object

    0x20000000   0x08005c54   0x00000004   Data   RW          266    .data               systick.o
    0x20000004   0x08005c58   0x0000000f   Data   RW          377    .data               serial.o
    0x20000013   0x08005c67   0x00000001   PAD
    0x20000014   0x08005c68   0x00000004   Data   RW          638    .data               adc.o
    0x20000018   0x08005c6c   0x00000004   Data   RW          675    .data               timer.o
    0x2000001c   0x08005c70   0x00000004   Data   RW          712    .data               button.o
    0x20000020   0x08005c74   0x0000000d   Data   RW          820    .data               rtc.o
    0x2000002d   0x08005c81   0x00000003   PAD
    0x20000030   0x08005c84   0x00000008   Data   RW          914    .data               function.o
    0x20000038   0x08005c8c   0x00000004   Data   RW          983    .data               system_gd32f4xx.o
    0x2000003c   0x08005c90   0x00000004   Data   RW         6786    .data               mc_w.l(stdout.o)
    0x20000040        -       0x00000240   Zero   RW          464    .bss                oled.o
    0x20000280        -       0x00000108   Zero   RW          766    .bss                button1.o
    0x20000388        -       0x00000024   Zero   RW          819    .bss                rtc.o
    0x200003ac   0x08005c94   0x00000004   PAD
    0x200003b0        -       0x00000400   Zero   RW         6499    STACK               startup_gd32f450_470.o


==============================================================================

Image component sizes


      Code (inc. data)   RO Data    RW Data    ZI Data      Debug   Object Name

       268         26          0          4          0       2045   adc.o
       730         18          0          4          0       3356   button.o
       154         16          0          0        264       2795   button1.o
        78          6          0          0          0        951   exti.o
       464        104          0          8          0       4896   function.o
       638          8          0          0          0       8628   gd32f4xx_adc.o
       574          4          0          0          0       3183   gd32f4xx_dma.o
       224         16          0          0          0       1974   gd32f4xx_exti.o
       266          0          0          0          0       4955   gd32f4xx_gpio.o
        32          0          0          0          0      87962   gd32f4xx_it.o
       216         20          0          0          0       1480   gd32f4xx_misc.o
        20          6          0          0          0        546   gd32f4xx_pmu.o
       900         70          0          0          0       7499   gd32f4xx_rcu.o
       508         24          0          0          0       4146   gd32f4xx_rtc.o
       172          6          0          0          0        778   gd32f4xx_syscfg.o
       620         44          0          0          0       5655   gd32f4xx_timer.o
       738         18          0          0          0      10768   gd32f4xx_usart.o
        64          4          0          0          0        463   led.o
        14          0          0          0          0       2771   main.o
      1420         58       8152          0        576      10556   oled.o
      2040        850          0         13         36       8377   rtc.o
       288         32          0         15          0       2362   serial.o
        36          8        428          0       1024        864   startup_gd32f450_470.o
       484         32          0          4          0       2691   system_gd32f4xx.o
       164         24          0          4          0      28806   systick.o
       148         14          0          4          0       1326   timer.o

    ----------------------------------------------------------------------
     11288       1408       8612         60       1904     209833   Object Totals
         0          0         32          0          0          0   (incl. Generated)
        28          0          0          4          4          0   (incl. Padding)

    ----------------------------------------------------------------------

      Code (inc. data)   RO Data    RW Data    ZI Data      Debug   Library Member Name

         0          0          0          0          0          0   entry.o
         0          0          0          0          0          0   entry10a.o
         0          0          0          0          0          0   entry11a.o
         8          4          0          0          0          0   entry2.o
         4          0          0          0          0          0   entry5.o
         0          0          0          0          0          0   entry7b.o
         0          0          0          0          0          0   entry8b.o
         8          4          0          0          0          0   entry9a.o
        30          0          0          0          0          0   handlers.o
        36          8          0          0          0         68   init.o
         0          0          0          0          0          0   iusefp.o
        30          0          0          0          0         68   llshl.o
        36          0          0          0          0         68   llsshr.o
        32          0          0          0          0         68   llushr.o
        36          0          0          0          0        108   memseta.o
      2304         96          0          0          0        600   printfa.o
         0          0          0          4          0          0   stdout.o
        44          0          0          0          0         80   uidiv.o
        98          0          0          0          0         92   uldiv.o
        48          0          0          0          0         68   cdrcmple.o
       334          0          0          0          0        148   dadd.o
       222          0          0          0          0        100   ddiv.o
       186          0          0          0          0        176   depilogue.o
        48          0          0          0          0         68   dfixul.o
       228          0          0          0          0         96   dmul.o

    ----------------------------------------------------------------------
      3736        112          0          4          0       1808   Library Totals
         4          0          0          0          0          0   (incl. Padding)

    ----------------------------------------------------------------------

      Code (inc. data)   RO Data    RW Data    ZI Data      Debug   Library Name

      2666        112          0          4          0       1152   mc_w.l
      1066          0          0          0          0        656   mf_w.l

    ----------------------------------------------------------------------
      3736        112          0          4          0       1808   Library Totals

    ----------------------------------------------------------------------

==============================================================================


      Code (inc. data)   RO Data    RW Data    ZI Data      Debug   

     15024       1520       8612         64       1904     197309   Grand Totals
     15024       1520       8612         64       1904     197309   ELF Image Totals
     15024       1520       8612         64          0          0   ROM Totals

==============================================================================

    Total RO  Size (Code + RO Data)                23636 (  23.08kB)
    Total RW  Size (RW Data + ZI Data)              1968 (   1.92kB)
    Total ROM Size (Code + RO Data + RW Data)      23700 (  23.14kB)

==============================================================================

